Archive member included to satisfy reference by file (symbol)

C:/ST/STM32CubeIDE_1.19.0/STM32CubeIDE/plugins/com.st.stm32cube.ide.mcu.externaltools.gnu-tools-for-stm32.13.3.rel1.win32_1.0.0.202411081344/tools/bin/../lib/gcc/arm-none-eabi/13.3.1/../../../../arm-none-eabi/lib/thumb/v7-m/nofp\libc_nano.a(libc_a-exit.o)
                              C:/ST/STM32CubeIDE_1.19.0/STM32CubeIDE/plugins/com.st.stm32cube.ide.mcu.externaltools.gnu-tools-for-stm32.13.3.rel1.win32_1.0.0.202411081344/tools/bin/../lib/gcc/arm-none-eabi/13.3.1/../../../../arm-none-eabi/lib/thumb/v7-m/nofp/crt0.o (exit)
C:/ST/STM32CubeIDE_1.19.0/STM32CubeIDE/plugins/com.st.stm32cube.ide.mcu.externaltools.gnu-tools-for-stm32.13.3.rel1.win32_1.0.0.202411081344/tools/bin/../lib/gcc/arm-none-eabi/13.3.1/../../../../arm-none-eabi/lib/thumb/v7-m/nofp\libc_nano.a(libc_a-malloc.o)
                              ./Core/Src/core/coreSourceFiles/aStar.o (malloc)
C:/ST/STM32CubeIDE_1.19.0/STM32CubeIDE/plugins/com.st.stm32cube.ide.mcu.externaltools.gnu-tools-for-stm32.13.3.rel1.win32_1.0.0.202411081344/tools/bin/../lib/gcc/arm-none-eabi/13.3.1/../../../../arm-none-eabi/lib/thumb/v7-m/nofp\libc_nano.a(libc_a-mallocr.o)
                              C:/ST/STM32CubeIDE_1.19.0/STM32CubeIDE/plugins/com.st.stm32cube.ide.mcu.externaltools.gnu-tools-for-stm32.13.3.rel1.win32_1.0.0.202411081344/tools/bin/../lib/gcc/arm-none-eabi/13.3.1/../../../../arm-none-eabi/lib/thumb/v7-m/nofp\libc_nano.a(libc_a-malloc.o) (_malloc_r)
C:/ST/STM32CubeIDE_1.19.0/STM32CubeIDE/plugins/com.st.stm32cube.ide.mcu.externaltools.gnu-tools-for-stm32.13.3.rel1.win32_1.0.0.202411081344/tools/bin/../lib/gcc/arm-none-eabi/13.3.1/../../../../arm-none-eabi/lib/thumb/v7-m/nofp\libc_nano.a(libc_a-mlock.o)
                              C:/ST/STM32CubeIDE_1.19.0/STM32CubeIDE/plugins/com.st.stm32cube.ide.mcu.externaltools.gnu-tools-for-stm32.13.3.rel1.win32_1.0.0.202411081344/tools/bin/../lib/gcc/arm-none-eabi/13.3.1/../../../../arm-none-eabi/lib/thumb/v7-m/nofp\libc_nano.a(libc_a-mallocr.o) (__malloc_lock)
C:/ST/STM32CubeIDE_1.19.0/STM32CubeIDE/plugins/com.st.stm32cube.ide.mcu.externaltools.gnu-tools-for-stm32.13.3.rel1.win32_1.0.0.202411081344/tools/bin/../lib/gcc/arm-none-eabi/13.3.1/../../../../arm-none-eabi/lib/thumb/v7-m/nofp\libc_nano.a(libc_a-nano-vfprintf_float.o)
                              (_printf_float)
C:/ST/STM32CubeIDE_1.19.0/STM32CubeIDE/plugins/com.st.stm32cube.ide.mcu.externaltools.gnu-tools-for-stm32.13.3.rel1.win32_1.0.0.202411081344/tools/bin/../lib/gcc/arm-none-eabi/13.3.1/../../../../arm-none-eabi/lib/thumb/v7-m/nofp\libc_nano.a(libc_a-nano-vfprintf_i.o)
                              C:/ST/STM32CubeIDE_1.19.0/STM32CubeIDE/plugins/com.st.stm32cube.ide.mcu.externaltools.gnu-tools-for-stm32.13.3.rel1.win32_1.0.0.202411081344/tools/bin/../lib/gcc/arm-none-eabi/13.3.1/../../../../arm-none-eabi/lib/thumb/v7-m/nofp\libc_nano.a(libc_a-nano-vfprintf_float.o) (_printf_common)
C:/ST/STM32CubeIDE_1.19.0/STM32CubeIDE/plugins/com.st.stm32cube.ide.mcu.externaltools.gnu-tools-for-stm32.13.3.rel1.win32_1.0.0.202411081344/tools/bin/../lib/gcc/arm-none-eabi/13.3.1/../../../../arm-none-eabi/lib/thumb/v7-m/nofp\libc_nano.a(libc_a-findfp.o)
                              C:/ST/STM32CubeIDE_1.19.0/STM32CubeIDE/plugins/com.st.stm32cube.ide.mcu.externaltools.gnu-tools-for-stm32.13.3.rel1.win32_1.0.0.202411081344/tools/bin/../lib/gcc/arm-none-eabi/13.3.1/../../../../arm-none-eabi/lib/thumb/v7-m/nofp\libc_nano.a(libc_a-exit.o) (__stdio_exit_handler)
C:/ST/STM32CubeIDE_1.19.0/STM32CubeIDE/plugins/com.st.stm32cube.ide.mcu.externaltools.gnu-tools-for-stm32.13.3.rel1.win32_1.0.0.202411081344/tools/bin/../lib/gcc/arm-none-eabi/13.3.1/../../../../arm-none-eabi/lib/thumb/v7-m/nofp\libc_nano.a(libc_a-fwalk.o)
                              C:/ST/STM32CubeIDE_1.19.0/STM32CubeIDE/plugins/com.st.stm32cube.ide.mcu.externaltools.gnu-tools-for-stm32.13.3.rel1.win32_1.0.0.202411081344/tools/bin/../lib/gcc/arm-none-eabi/13.3.1/../../../../arm-none-eabi/lib/thumb/v7-m/nofp\libc_nano.a(libc_a-findfp.o) (_fwalk_sglue)
C:/ST/STM32CubeIDE_1.19.0/STM32CubeIDE/plugins/com.st.stm32cube.ide.mcu.externaltools.gnu-tools-for-stm32.13.3.rel1.win32_1.0.0.202411081344/tools/bin/../lib/gcc/arm-none-eabi/13.3.1/../../../../arm-none-eabi/lib/thumb/v7-m/nofp\libc_nano.a(libc_a-snprintf.o)
                              ./Core/Src/core/coreSourceFiles/aStar.o (snprintf)
C:/ST/STM32CubeIDE_1.19.0/STM32CubeIDE/plugins/com.st.stm32cube.ide.mcu.externaltools.gnu-tools-for-stm32.13.3.rel1.win32_1.0.0.202411081344/tools/bin/../lib/gcc/arm-none-eabi/13.3.1/../../../../arm-none-eabi/lib/thumb/v7-m/nofp\libc_nano.a(libc_a-sprintf.o)
                              ./Core/Src/core/coreSourceFiles/floodfill.o (sprintf)
[...]
Memory Configuration

Name             Origin             Length             Attributes
RAM              0x20000000         0x00005000         xrw
FLASH            0x08000000         0x00010000         xr
*default*        0x00000000         0xffffffff

Linker script and memory map

LOAD C:/ST/STM32CubeIDE_1.19.0/STM32CubeIDE/plugins/com.st.stm32cube.ide.mcu.externaltools.gnu-tools-for-stm32.13.3.rel1.win32_1.0.0.202411081344/tools/bin/../lib/gcc/arm-none-eabi/13.3.1/thumb/v7-m/nofp/crti.o
LOAD C:/ST/STM32CubeIDE_1.19.0/STM32CubeIDE/plugins/com.st.stm32cube.ide.mcu.externaltools.gnu-tools-for-stm32.13.3.rel1.win32_1.0.0.202411081344/tools/bin/../lib/gcc/arm-none-eabi/13.3.1/thumb/v7-m/nofp/crtbegin.o
LOAD C:/ST/STM32CubeIDE_1.19.0/STM32CubeIDE/plugins/com.st.stm32cube.ide.mcu.externaltools.gnu-tools-for-stm32.13.3.rel1.win32_1.0.0.202411081344/tools/bin/../lib/gcc/arm-none-eabi/13.3.1/../../../../arm-none-eabi/lib/thumb/v7-m/nofp/crt0.o
LOAD ./Core/Src/_systemFiles/syscalls.o
LOAD ./Core/Src/_systemFiles/sysmem.o
LOAD ./Core/Src/_systemFiles/system_stm32f1xx.o
LOAD ./Core/Src/control/controlSourceFiles/kalmanFilter.o
LOAD ./Core/Src/control/controlSourceFiles/pidController.o
LOAD ./Core/Src/core/coreSourceFiles/aStar.o
LOAD ./Core/Src/core/coreSourceFiles/floodfill.o
LOAD ./Core/Src/core/coreSourceFiles/movement.o
LOAD ./Core/Src/hardware/hardwareSourceFiles/encoders.o
LOAD ./Core/Src/hardware/hardwareSourceFiles/infraredSensors.o
LOAD ./Core/Src/hardware/hardwareSourceFiles/motors.o
LOAD ./Core/Src/hardware/hardwareSourceFiles/mpu6050.o
LOAD ./Core/Src/main.o
LOAD ./Core/Src/peripherals/clkSourceFiles/clk.o
LOAD ./Core/Src/peripherals/peripheralsSourceFiles/adc.o
LOAD ./Core/Src/peripherals/peripheralsSourceFiles/gpio.o
LOAD ./Core/Src/peripherals/peripheralsSourceFiles/i2c.o
LOAD ./Core/Src/peripherals/peripheralsSourceFiles/interrupts.o
LOAD ./Core/Src/peripherals/peripheralsSourceFiles/systick.o
LOAD ./Core/Src/peripherals/peripheralsSourceFiles/timers.o
LOAD ./Core/Src/peripherals/peripheralsSourceFiles/uart.o
LOAD ./Core/Startup/startup_stm32f103c8tx.o
START GROUP
LOAD C:/ST/STM32CubeIDE_1.19.0/STM32CubeIDE/plugins/com.st.stm32cube.ide.mcu.externaltools.gnu-tools-for-stm32.13.3.rel1.win32_1.0.0.202411081344/tools/bin/../lib/gcc/arm-none-eabi/13.3.1/../../../../arm-none-eabi/lib/thumb/v7-m/nofp\libc_nano.a
LOAD C:/ST/STM32CubeIDE_1.19.0/STM32CubeIDE/plugins/com.st.stm32cube.ide.mcu.externaltools.gnu-tools-for-stm32.13.3.rel1.win32_1.0.0.202411081344/tools/bin/../lib/gcc/arm-none-eabi/13.3.1/../../../../arm-none-eabi/lib/thumb/v7-m/nofp\libm.a
END GROUP
START GROUP
LOAD C:/ST/STM32CubeIDE_1.19.0/STM32CubeIDE/plugins/com.st.stm32cube.ide.mcu.externaltools.gnu-tools-for-stm32.13.3.rel1.win32_1.0.0.202411081344/tools/bin/../lib/gcc/arm-none-eabi/13.3.1/thumb/v7-m/nofp\libgcc.a
LOAD C:/ST/STM32CubeIDE_1.19.0/STM32CubeIDE/plugins/com.st.stm32cube.ide.mcu.externaltools.gnu-tools-for-stm32.13.3.rel1.win32_1.0.0.202411081344/tools/bin/../lib/gcc/arm-none-eabi/13.3.1/../../../../arm-none-eabi/lib/thumb/v7-m/nofp\libc_nano.a
END GROUP
START GROUP
LOAD C:/ST/STM32CubeIDE_1.19.0/STM32CubeIDE/plugins/com.st.stm32cube.ide.mcu.externaltools.gnu-tools-for-stm32.13.3.rel1.win32_1.0.0.202411081344/tools/bin/../lib/gcc/arm-none-eabi/13.3.1/thumb/v7-m/nofp\libgcc.a
LOAD C:/ST/STM32CubeIDE_1.19.0/STM32CubeIDE/plugins/com.st.stm32cube.ide.mcu.externaltools.gnu-tools-for-stm32.13.3.rel1.win32_1.0.0.202411081344/tools/bin/../lib/gcc/arm-none-eabi/13.3.1/../../../../arm-none-eabi/lib/thumb/v7-m/nofp\libc_nano.a
LOAD C:/ST/STM32CubeIDE_1.19.0/STM32CubeIDE/plugins/com.st.stm32cube.ide.mcu.externaltools.gnu-tools-for-stm32.13.3.rel1.win32_1.0.0.202411081344/tools/bin/../lib/gcc/arm-none-eabi/13.3.1/../../../../arm-none-eabi/lib/thumb/v7-m/nofp\libnosys.a
END GROUP
START GROUP
LOAD C:/ST/STM32CubeIDE_1.19.0/STM32CubeIDE/plugins/com.st.stm32cube.ide.mcu.externaltools.gnu-tools-for-stm32.13.3.rel1.win32_1.0.0.202411081344/tools/bin/../lib/gcc/arm-none-eabi/13.3.1/thumb/v7-m/nofp\libgcc.a
LOAD C:/ST/STM32CubeIDE_1.19.0/STM32CubeIDE/plugins/com.st.stm32cube.ide.mcu.externaltools.gnu-tools-for-stm32.13.3.rel1.win32_1.0.0.202411081344/tools/bin/../lib/gcc/arm-none-eabi/13.3.1/../../../../arm-none-eabi/lib/thumb/v7-m/nofp\libc_nano.a
LOAD C:/ST/STM32CubeIDE_1.19.0/STM32CubeIDE/plugins/com.st.stm32cube.ide.mcu.externaltools.gnu-tools-for-stm32.13.3.rel1.win32_1.0.0.202411081344/tools/bin/../lib/gcc/arm-none-eabi/13.3.1/../../../../arm-none-eabi/lib/thumb/v7-m/nofp\libnosys.a
END GROUP
LOAD C:/ST/STM32CubeIDE_1.19.0/STM32CubeIDE/plugins/com.st.stm32cube.ide.mcu.externaltools.gnu-tools-for-stm32.13.3.rel1.win32_1.0.0.202411081344/tools/bin/../lib/gcc/arm-none-eabi/13.3.1/thumb/v7-m/nofp/crtend.o
LOAD C:/ST/STM32CubeIDE_1.19.0/STM32CubeIDE/plugins/com.st.stm32cube.ide.mcu.externaltools.gnu-tools-for-stm32.13.3.rel1.win32_1.0.0.202411081344/tools/bin/../lib/gcc/arm-none-eabi/13.3.1/thumb/v7-m/nofp/crtn.o
                0x20005000                        _estack = (ORIGIN (RAM) + LENGTH (RAM))
                0x00000200                        _Min_Heap_Size = 0x200
                0x00000400                        _Min_Stack_Size = 0x400

.isr_vector     0x08000000      0x10c
                0x08000000                        . = ALIGN (0x4)
 *(.isr_vector)
 .isr_vector    0x08000000      0x10c ./Core/Startup/startup_stm32f103c8tx.o
                0x08000000                g_pfnVectors
                0x0800010c                        . = ALIGN (0x4)

.text           0x08000110     0x9a5c
                0x08000110                        . = ALIGN (0x4)
 *(.text)
 .text          0x08000110       0x40 C:/ST/STM32CubeIDE_1.19.0/STM32CubeIDE/plugins/com.st.stm32cube.ide.mcu.externaltools.gnu-tools-for-stm32.13.3.rel1.win32_1.0.0.202411081344/tools/bin/../lib/gcc/arm-none-eabi/13.3.1/thumb/v7-m/nofp/crtbegin.o
 .text          0x08000150       0x10 C:/ST/STM32CubeIDE_1.19.0/STM32CubeIDE/plugins/com.st.stm32cube.ide.mcu.externaltools.gnu-tools-for-stm32.13.3.rel1.win32_1.0.0.202411081344/tools/bin/../lib/gcc/arm-none-eabi/13.3.1/../../../../arm-none-eabi/lib/thumb/v7-m/nofp\libc_nano.a(libc_a-strlen.o)
                0x08000150                strlen
 .text          0x08000160      0x378 C:/ST/STM32CubeIDE_1.19.0/STM32CubeIDE/plugins/com.st.stm32cube.ide.mcu.externaltools.gnu-tools-for-stm32.13.3.rel1.win32_1.0.0.202411081344/tools/bin/../lib/gcc/arm-none-eabi/13.3.1/thumb/v7-m/nofp\libgcc.a(_arm_addsubdf3.o)
                0x08000160                __aeabi_drsub
                0x08000168                __aeabi_dsub
                0x08000168                __subdf3
                0x0800016c                __aeabi_dadd
                0x0800016c                __adddf3
                0x080003e4                __floatunsidf
                0x080003e4                __aeabi_ui2d
                0x08000404                __floatsidf
                0x08000404                __aeabi_i2d
                0x08000428                __aeabi_f2d
                0x08000428                __extendsfdf2
                0x0800046c                __floatundidf
                0x0800046c                __aeabi_ul2d
                0x0800047c                __floatdidf
                0x0800047c                __aeabi_l2d
 .text          0x080004d8      0x424 C:/ST/STM32CubeIDE_1.19.0/STM32CubeIDE/plugins/com.st.stm32cube.ide.mcu.externaltools.gnu-tools-for-stm32.13.3.rel1.win32_1.0.0.202411081344/tools/bin/../lib/gcc/arm-none-eabi/13.3.1/thumb/v7-m/nofp\libgcc.a(_arm_muldivdf3.o)
                0x080004d8                __aeabi_dmul
                0x080004d8                __muldf3
                0x0800072c                __divdf3
                0x0800072c                __aeabi_ddiv
 .text          0x080008fc      0x110 C:/ST/STM32CubeIDE_1.19.0/STM32CubeIDE/plugins/com.st.stm32cube.ide.mcu.externaltools.gnu-tools-for-stm32.13.3.rel1.win32_1.0.0.202411081344/tools/bin/../lib/gcc/arm-none-eabi/13.3.1/thumb/v7-m/nofp\libgcc.a(_arm_cmpdf2.o)
                0x080008fc                __gtdf2
                0x080008fc                __gedf2
                0x08000904                __ltdf2
                0x08000904                __ledf2
                0x0800090c                __nedf2
                0x0800090c                __eqdf2
                0x0800090c                __cmpdf2
                0x08000988                __aeabi_cdrcmple
                0x08000998                __aeabi_cdcmpeq
                0x08000998                __aeabi_cdcmple
                0x080009a8                __aeabi_dcmpeq
                0x080009bc                __aeabi_dcmplt
                0x080009d0                __aeabi_dcmple
                0x080009e4                __aeabi_dcmpge
                0x080009f8                __aeabi_dcmpgt
 .text          0x08000a0c       0x2c C:/ST/STM32CubeIDE_1.19.0/STM32CubeIDE/plugins/com.st.stm32cube.ide.mcu.externaltools.gnu-tools-for-stm32.13.3.rel1.win32_1.0.0.202411081344/tools/bin/../lib/gcc/arm-none-eabi/13.3.1/thumb/v7-m/nofp\libgcc.a(_arm_unorddf2.o)
                0x08000a0c                __unorddf2
                0x08000a0c                __aeabi_dcmpun
 .text          0x08000a38       0x50 C:/ST/STM32CubeIDE_1.19.0/STM32CubeIDE/plugins/com.st.stm32cube.ide.mcu.externaltools.gnu-tools-for-stm32.13.3.rel1.win32_1.0.0.202411081344/tools/bin/../lib/gcc/arm-none-eabi/13.3.1/thumb/v7-m/nofp\libgcc.a(_arm_fixdfsi.o)
                0x08000a38                __aeabi_d2iz
                0x08000a38                __fixdfsi
 .text          0x08000a88       0x40 C:/ST/STM32CubeIDE_1.19.0/STM32CubeIDE/plugins/com.st.stm32cube.ide.mcu.externaltools.gnu-tools-for-stm32.13.3.rel1.win32_1.0.0.202411081344/tools/bin/../lib/gcc/arm-none-eabi/13.3.1/thumb/v7-m/nofp\libgcc.a(_arm_fixunsdfsi.o)
                0x08000a88                __aeabi_d2uiz
                0x08000a88                __fixunsdfsi
 .text          0x08000ac8       0xa0 C:/ST/STM32CubeIDE_1.19.0/STM32CubeIDE/plugins/com.st.stm32cube.ide.mcu.externaltools.gnu-tools-for-stm32.13.3.rel1.win32_1.0.0.202411081344/tools/bin/../lib/gcc/arm-none-eabi/13.3.1/thumb/v7-m/nofp\libgcc.a(_arm_truncdfsf2.o)
                0x08000ac8                __truncdfsf2
                0x08000ac8                __aeabi_d2f
 .text          0x08000b68      0x21c C:/ST/STM32CubeIDE_1.19.0/STM32CubeIDE/plugins/com.st.stm32cube.ide.mcu.externaltools.gnu-tools-for-stm32.13.3.rel1.win32_1.0.0.202411081344/tools/bin/../lib/gcc/arm-none-eabi/13.3.1/thumb/v7-m/nofp\libgcc.a(_arm_addsubsf3.o)
                0x08000b68                __aeabi_frsub
                0x08000b70                __subsf3
                0x08000b70                __aeabi_fsub
                0x08000b74                __aeabi_fadd
                0x08000b74                __addsf3
                0x08000cd4                __aeabi_ui2f
                0x08000cd4                __floatunsisf
                0x08000cdc                __aeabi_i2f
                0x08000cdc                __floatsisf
                0x08000cf8                __aeabi_ul2f
                0x08000cf8                __floatundisf
                0x08000d08                __aeabi_l2f
                0x08000d08                __floatdisf
 .text          0x08000d84      0x2a0 C:/ST/STM32CubeIDE_1.19.0/STM32CubeIDE/plugins/com.st.stm32cube.ide.mcu.externaltools.gnu-tools-for-stm32.13.3.rel1.win32_1.0.0.202411081344/tools/bin/../lib/gcc/arm-none-eabi/13.3.1/thumb/v7-m/nofp\libgcc.a(_arm_muldivsf3.o)
                0x08000d84                __mulsf3
                0x08000d84                __aeabi_fmul
                0x08000eec                __aeabi_fdiv
                0x08000eec                __divsf3
 .text          0x08001024       0xec C:/ST/STM32CubeIDE_1.19.0/STM32CubeIDE/plugins/com.st.stm32cube.ide.mcu.externaltools.gnu-tools-for-stm32.13.3.rel1.win32_1.0.0.202411081344/tools/bin/../lib/gcc/arm-none-eabi/13.3.1/thumb/v7-m/nofp\libgcc.a(_arm_cmpsf2.o)
                0x08001024                __gesf2
                0x08001024                __gtsf2
                0x0800102c                __lesf2
                0x0800102c                __ltsf2
                0x08001034                __nesf2
                0x08001034                __eqsf2
                0x08001034                __cmpsf2
                0x08001094                __aeabi_cfrcmple
                0x0800109c                __aeabi_cfcmpeq
                0x0800109c                __aeabi_cfcmple
                0x080010ac                __aeabi_fcmpeq
                0x080010c0                __aeabi_fcmplt
                0x080010d4                __aeabi_fcmple
                0x080010e8                __aeabi_fcmpge
                0x080010fc                __aeabi_fcmpgt
 .text          0x08001110       0x40 C:/ST/STM32CubeIDE_1.19.0/STM32CubeIDE/plugins/com.st.stm32cube.ide.mcu.externaltools.gnu-tools-for-stm32.13.3.rel1.win32_1.0.0.202411081344/tools/bin/../lib/gcc/arm-none-eabi/13.3.1/thumb/v7-m/nofp\libgcc.a(_arm_fixunssfsi.o)
                0x08001110                __fixunssfsi
                0x08001110                __aeabi_f2uiz
 *(.text*)
 .text._getpid  0x08001150        0xe ./Core/Src/_systemFiles/syscalls.o
                0x08001150                _getpid
 .text._kill    0x0800115e       0x20 ./Core/Src/_systemFiles/syscalls.o
                0x0800115e                _kill
 .text._exit    0x0800117e       0x16 ./Core/Src/_systemFiles/syscalls.o
                0x0800117e                _exit
 .text._read    0x08001194       0x3a ./Core/Src/_systemFiles/syscalls.o
                0x08001194                _read
 .text._write   0x080011ce       0x38 ./Core/Src/_systemFiles/syscalls.o
                0x080011ce                _write
 .text._close   0x08001206       0x16 ./Core/Src/_systemFiles/syscalls.o
                0x08001206                _close
 .text._fstat   0x0800121c       0x1e ./Core/Src/_systemFiles/syscalls.o
                0x0800121c                _fstat
 .text._isatty  0x0800123a       0x14 ./Core/Src/_systemFiles/syscalls.o
                0x0800123a                _isatty
 .text._lseek   0x0800124e       0x18 ./Core/Src/_systemFiles/syscalls.o
                0x0800124e                _lseek
 *fill*         0x08001266        0x2 
 .text._sbrk    0x08001268       0x6c ./Core/Src/_systemFiles/sysmem.o
                0x08001268                _sbrk
 .text.SystemInit
                0x080012d4        0xc ./Core/Src/_systemFiles/system_stm32f1xx.o
                0x080012d4                SystemInit
 .text.pidController_setup
                0x080012e0       0x56 ./Core/Src/control/controlSourceFiles/pidController.o
                0x080012e0                pidController_setup
 *fill*         0x08001336        0x2 
 .text.pidController_compute
                0x08001338      0x200 ./Core/Src/control/controlSourceFiles/pidController.o
                0x08001338                pidController_compute
 .text.API_mazeWidth
                0x08001538        0xe ./Core/Src/core/coreSourceFiles/aStar.o
                0x08001538                API_mazeWidth
 .text.API_mazeHeight
                0x08001546        0xe ./Core/Src/core/coreSourceFiles/aStar.o
                0x08001546                API_mazeHeight
 .text.API_wallFront
                0x08001554       0x34 ./Core/Src/core/coreSourceFiles/aStar.o
                0x08001554                API_wallFront
 .text.API_wallRight
                0x08001588       0x24 ./Core/Src/core/coreSourceFiles/aStar.o
                0x08001588                API_wallRight
 .text.API_wallLeft
                0x080015ac       0x24 ./Core/Src/core/coreSourceFiles/aStar.o
                0x080015ac                API_wallLeft
 .text.API_moveFORW
                0x080015d0        0xe ./Core/Src/core/coreSourceFiles/aStar.o
                0x080015d0                API_moveFORW
 .text.API_turnRight
                0x080015de        0xe ./Core/Src/core/coreSourceFiles/aStar.o
                0x080015de                API_turnRight
 .text.API_turnLeft
                0x080015ec        0xe ./Core/Src/core/coreSourceFiles/aStar.o
                0x080015ec                API_turnLeft
 .text.API_log  0x080015fa       0x12 ./Core/Src/core/coreSourceFiles/aStar.o
                0x080015fa                API_log
 .text.isValid  0x0800160c       0x44 ./Core/Src/core/coreSourceFiles/aStar.o
 .text.safe_malloc
                0x08001650       0x2c ./Core/Src/core/coreSourceFiles/aStar.o
 .text.allocate_2d_uint8_array
                0x0800167c       0x8e ./Core/Src/core/coreSourceFiles/aStar.o
 .text.allocate_2d_uint16_array
                0x0800170a       0x90 ./Core/Src/core/coreSourceFiles/aStar.o
 .text.free_2d_uint8_array
                0x0800179a       0x44 ./Core/Src/core/coreSourceFiles/aStar.o
 .text.free_2d_uint16_array
                0x080017de       0x44 ./Core/Src/core/coreSourceFiles/aStar.o
 *fill*         0x08001822        0x2 
 .text.deallocate_all_memory
                0x08001824       0xa8 ./Core/Src/core/coreSourceFiles/aStar.o
 .text.cleanupAStar
                0x080018cc       0x30 ./Core/Src/core/coreSourceFiles/aStar.o
                0x080018cc                cleanupAStar
 .text.setWallInternal
                0x080018fc      0x17c ./Core/Src/core/coreSourceFiles/aStar.o
 .text.debugPrintWallState
                0x08001a78       0x8c ./Core/Src/core/coreSourceFiles/aStar.o
 .text.readWallWithRetry
                0x08001b04       0x88 ./Core/Src/core/coreSourceFiles/aStar.o
 .text.updateWalls
                0x08001b8c      0x124 ./Core/Src/core/coreSourceFiles/aStar.o
                0x08001b8c                updateWalls
 .text.initAStar
                0x08001cb0      0x374 ./Core/Src/core/coreSourceFiles/aStar.o
                0x08001cb0                initAStar
 .text.swap_nodes
                0x08002024       0x32 ./Core/Src/core/coreSourceFiles/aStar.o
 .text.heap_sift_up
                0x08002056       0x5c ./Core/Src/core/coreSourceFiles/aStar.o
 .text.heap_sift_down
                0x080020b2       0x96 ./Core/Src/core/coreSourceFiles/aStar.o
 .text.push_to_heap
                0x08002148       0x58 ./Core/Src/core/coreSourceFiles/aStar.o
 .text.pop_from_heap
                0x080021a0       0x56 ./Core/Src/core/coreSourceFiles/aStar.o
 .text.calculateHeuristic
                0x080021f6       0x34 ./Core/Src/core/coreSourceFiles/aStar.o
 *fill*         0x0800222a        0x2 
 .text.setTarget
                0x0800222c       0x40 ./Core/Src/core/coreSourceFiles/aStar.o
                0x0800222c                setTarget
 .text.isAtTarget
                0x0800226c       0x38 ./Core/Src/core/coreSourceFiles/aStar.o
 .text.resetAStarSearch
                0x080022a4       0xb0 ./Core/Src/core/coreSourceFiles/aStar.o
 .text.storeOptimalPath
                0x08002354      0x1e8 ./Core/Src/core/coreSourceFiles/aStar.o
 .text.runAStar
                0x0800253c      0x290 ./Core/Src/core/coreSourceFiles/aStar.o
                0x0800253c                runAStar
 .text.getRequiredTurns
                0x080027cc       0x64 ./Core/Src/core/coreSourceFiles/aStar.o
 .text.getHeadingForDirection
                0x08002830       0x54 ./Core/Src/core/coreSourceFiles/aStar.o
 .text.findNextExplorationStep
                0x08002884      0x110 ./Core/Src/core/coreSourceFiles/aStar.o
 .text.calculateMazeCenter
                0x08002994       0x64 ./Core/Src/core/coreSourceFiles/aStar.o
 .text.handleExplorationPhase
                0x080029f8       0x90 ./Core/Src/core/coreSourceFiles/aStar.o
 .text.handleReturnToStartPhase
                0x08002a88       0x78 ./Core/Src/core/coreSourceFiles/aStar.o
 .text.handleOptimalPathPhase
                0x08002b00      0x160 ./Core/Src/core/coreSourceFiles/aStar.o
 .text.handleReturnFromOptimalPhase
                0x08002c60       0x74 ./Core/Src/core/coreSourceFiles/aStar.o
 .text.performAction
                0x08002cd4      0x108 ./Core/Src/core/coreSourceFiles/aStar.o
 .text.astarSolver
                0x08002ddc      0x1f0 ./Core/Src/core/coreSourceFiles/aStar.o
                0x08002ddc                astarSolver
 .text.aStar    0x08002fcc       0x5c ./Core/Src/core/coreSourceFiles/aStar.o
                0x08002fcc                aStar
 .text.fillMap  0x08003028       0x80 ./Core/Src/core/coreSourceFiles/floodfill.o
                0x08003028                fillMap
 .text.updateCurr
                0x080030a8       0x68 ./Core/Src/core/coreSourceFiles/floodfill.o
                0x080030a8                updateCurr
 .text.checkNext
                0x08003110       0xe8 ./Core/Src/core/coreSourceFiles/floodfill.o
                0x08003110                checkNext
 .text.turn     0x080031f8       0x88 ./Core/Src/core/coreSourceFiles/floodfill.o
                0x080031f8                turn
 .text.proceed  0x08003280      0x138 ./Core/Src/core/coreSourceFiles/floodfill.o
                0x08003280                proceed
 .text.logEyes  0x080033b8      0x578 ./Core/Src/core/coreSourceFiles/floodfill.o
                0x080033b8                logEyes
 .text.queueInit
                0x08003930       0x30 ./Core/Src/core/coreSourceFiles/floodfill.o
                0x08003930                queueInit
 .text.enqueue  0x08003960       0x4c ./Core/Src/core/coreSourceFiles/floodfill.o
                0x08003960                enqueue
 .text.dequeue  0x080039ac       0x54 ./Core/Src/core/coreSourceFiles/floodfill.o
                0x080039ac                dequeue
 .text.isEmpty  0x08003a00       0x28 ./Core/Src/core/coreSourceFiles/floodfill.o
                0x08003a00                isEmpty
 .text.floodfill
                0x08003a28      0x2a8 ./Core/Src/core/coreSourceFiles/floodfill.o
                0x08003a28                floodfill
 .text.core_setup
                0x08003cd0       0x26 ./Core/Src/core/coreSourceFiles/movement.o
                0x08003cd0                core_setup
 *fill*         0x08003cf6        0x2 
 .text.core_setupMotors
                0x08003cf8       0x98 ./Core/Src/core/coreSourceFiles/movement.o
                0x08003cf8                core_setupMotors
 .text.core_setupEncoders
                0x08003d90      0x13c ./Core/Src/core/coreSourceFiles/movement.o
                0x08003d90                core_setupEncoders
 .text.core_setupMPU6050
                0x08003ecc       0x3c ./Core/Src/core/coreSourceFiles/movement.o
                0x08003ecc                core_setupMPU6050
 .text.core_setupInfraredSensors
                0x08003f08       0x80 ./Core/Src/core/coreSourceFiles/movement.o
                0x08003f08                core_setupInfraredSensors
 .text.core_setupExtras
                0x08003f88       0x80 ./Core/Src/core/coreSourceFiles/movement.o
                0x08003f88                core_setupExtras
 .text.core_MotorPidControl
                0x08004008       0x94 ./Core/Src/core/coreSourceFiles/movement.o
                0x08004008                core_MotorPidControl
 .text.rightCountRisesCH1
                0x0800409c       0x1c ./Core/Src/core/coreSourceFiles/movement.o
                0x0800409c                rightCountRisesCH1
 .text.rightCountRisesCH2
                0x080040b8       0x1c ./Core/Src/core/coreSourceFiles/movement.o
                0x080040b8                rightCountRisesCH2
 .text.leftCountRisesCH1
                0x080040d4       0x1c ./Core/Src/core/coreSourceFiles/movement.o
                0x080040d4                leftCountRisesCH1
 .text.leftCountRisesCH2
                0x080040f0       0x1c ./Core/Src/core/coreSourceFiles/movement.o
                0x080040f0                leftCountRisesCH2
 .text.resetEncoders
                0x0800410c       0x20 ./Core/Src/core/coreSourceFiles/movement.o
                0x0800410c                resetEncoders
 .text.core_calcDistance
                0x0800412c       0x98 ./Core/Src/core/coreSourceFiles/movement.o
                0x0800412c                core_calcDistance
 .text.core_calcRPM
                0x080041c4      0x190 ./Core/Src/core/coreSourceFiles/movement.o
                0x080041c4                core_calcRPM
 .text.core_calcAngles
                0x08004354       0x7c ./Core/Src/core/coreSourceFiles/movement.o
                0x08004354                core_calcAngles
 .text.core_buzz
                0x080043d0       0x3c ./Core/Src/core/coreSourceFiles/movement.o
                0x080043d0                core_buzz
 .text.core_speak
                0x0800440c       0x7c ./Core/Src/core/coreSourceFiles/movement.o
                0x0800440c                core_speak
 .text.core_modeSelect
                0x08004488       0x38 ./Core/Src/core/coreSourceFiles/movement.o
                0x08004488                core_modeSelect
 .text.remi     0x080044c0       0xdc ./Core/Src/core/coreSourceFiles/movement.o
                0x080044c0                remi
 .text.walk     0x0800459c      0x3c8 ./Core/Src/core/coreSourceFiles/movement.o
                0x0800459c                walk
 .text.spin     0x08004964      0x1b8 ./Core/Src/core/coreSourceFiles/movement.o
                0x08004964                spin
 .text.stop     0x08004b1c       0x50 ./Core/Src/core/coreSourceFiles/movement.o
                0x08004b1c                stop
 .text.readWalls
                0x08004b6c      0x10c ./Core/Src/core/coreSourceFiles/movement.o
                0x08004b6c                readWalls
 .text.frontCalibration
                0x08004c78      0x214 ./Core/Src/core/coreSourceFiles/movement.o
                0x08004c78                frontCalibration
 .text.backCalibration
                0x08004e8c       0x5c ./Core/Src/core/coreSourceFiles/movement.o
                0x08004e8c                backCalibration
 .text.resetPID
                0x08004ee8       0xa0 ./Core/Src/core/coreSourceFiles/movement.o
                0x08004ee8                resetPID
 .text.resetCore
                0x08004f88       0x5c ./Core/Src/core/coreSourceFiles/movement.o
                0x08004f88                resetCore
 .text.encoder_setupPin
                0x08004fe4       0x38 ./Core/Src/hardware/hardwareSourceFiles/encoders.o
                0x08004fe4                encoder_setupPin
 .text.infraredSensors_setup
                0x0800501c       0x66 ./Core/Src/hardware/hardwareSourceFiles/infraredSensors.o
                0x0800501c                infraredSensors_setup
 .text.motors_setup
                0x08005082       0x44 ./Core/Src/hardware/hardwareSourceFiles/motors.o
                0x08005082                motors_setup
 *fill*         0x080050c6        0x2 
 .text.motors_control
                0x080050c8       0xa0 ./Core/Src/hardware/hardwareSourceFiles/motors.o
                0x080050c8                motors_control
 .text.motors_stop
                0x08005168       0x40 ./Core/Src/hardware/hardwareSourceFiles/motors.o
                0x08005168                motors_stop
 .text.mpu6050_setup
                0x080051a8      0x10c ./Core/Src/hardware/hardwareSourceFiles/mpu6050.o
                0x080051a8                mpu6050_setup
 .text.mpu6050_start
                0x080052b4       0x1a ./Core/Src/hardware/hardwareSourceFiles/mpu6050.o
                0x080052b4                mpu6050_start
 .text.mpu6050_address
                0x080052ce       0x24 ./Core/Src/hardware/hardwareSourceFiles/mpu6050.o
                0x080052ce                mpu6050_address
 .text.mpu6050_tx
                0x080052f2       0x4c ./Core/Src/hardware/hardwareSourceFiles/mpu6050.o
                0x080052f2                mpu6050_tx
 .text.mpu6050_rx
                0x0800533e       0xda ./Core/Src/hardware/hardwareSourceFiles/mpu6050.o
                0x0800533e                mpu6050_rx
 .text.mpu6050_readGyro
                0x08005418       0xc4 ./Core/Src/hardware/hardwareSourceFiles/mpu6050.o
                0x08005418                mpu6050_readGyro
 .text.main     0x080054dc      0x1f0 ./Core/Src/main.o
                0x080054dc                main
 .text.calibrateFront
                0x080056cc       0x28 ./Core/Src/main.o
                0x080056cc                calibrateFront
 .text.FloodFill
                0x080056f4      0x174 ./Core/Src/main.o
                0x080056f4                FloodFill
 .text.clk_setup
                0x08005868       0xe0 ./Core/Src/peripherals/clkSourceFiles/clk.o
                0x08005868                clk_setup
 .text.adc_setupPin
                0x08005948      0x2a4 ./Core/Src/peripherals/peripheralsSourceFiles/adc.o
                0x08005948                adc_setupPin
 .text.adc_start
                0x08005bec      0x150 ./Core/Src/peripherals/peripheralsSourceFiles/adc.o
                0x08005bec                adc_start
 .text.adc_irqRFlag
                0x08005d3c       0x2e ./Core/Src/peripherals/peripheralsSourceFiles/adc.o
                0x08005d3c                adc_irqRFlag
 *fill*         0x08005d6a        0x2 
 .text.ADC1_2_IRQHandler
                0x08005d6c       0xcc ./Core/Src/peripherals/peripheralsSourceFiles/adc.o
                0x08005d6c                ADC1_2_IRQHandler
 .text.gpio_setupPin
                0x08005e38       0xd4 ./Core/Src/peripherals/peripheralsSourceFiles/gpio.o
                0x08005e38                gpio_setupPin
 .text.gpio_writePin
                0x08005f0c       0x62 ./Core/Src/peripherals/peripheralsSourceFiles/gpio.o
                0x08005f0c                gpio_writePin
 .text.gpio_readPin
                0x08005f6e       0x2e ./Core/Src/peripherals/peripheralsSourceFiles/gpio.o
                0x08005f6e                gpio_readPin
 .text.i2c_setup
                0x08005f9c      0x144 ./Core/Src/peripherals/peripheralsSourceFiles/i2c.o
                0x08005f9c                i2c_setup
 .text.i2c_start
                0x080060e0       0x50 ./Core/Src/peripherals/peripheralsSourceFiles/i2c.o
                0x080060e0                i2c_start
 .text.i2c_address
                0x08006130       0x74 ./Core/Src/peripherals/peripheralsSourceFiles/i2c.o
                0x08006130                i2c_address
 .text.i2c_sendData
                0x080061a4       0x3a ./Core/Src/peripherals/peripheralsSourceFiles/i2c.o
                0x080061a4                i2c_sendData
 .text.i2c_stop
                0x080061de       0x3a ./Core/Src/peripherals/peripheralsSourceFiles/i2c.o
                0x080061de                i2c_stop
 .text.__NVIC_EnableIRQ
                0x08006218       0x38 ./Core/Src/peripherals/peripheralsSourceFiles/interrupts.o
 .text.interrupts_attach
                0x08006250      0x18c ./Core/Src/peripherals/peripheralsSourceFiles/interrupts.o
                0x08006250                interrupts_attach
 .text.EXTI0_IRQHandler
                0x080063dc       0x30 ./Core/Src/peripherals/peripheralsSourceFiles/interrupts.o
                0x080063dc                EXTI0_IRQHandler
 .text.EXTI1_IRQHandler
                0x0800640c       0x30 ./Core/Src/peripherals/peripheralsSourceFiles/interrupts.o
                0x0800640c                EXTI1_IRQHandler
 .text.EXTI2_IRQHandler
                0x0800643c       0x30 ./Core/Src/peripherals/peripheralsSourceFiles/interrupts.o
                0x0800643c                EXTI2_IRQHandler
 .text.EXTI3_IRQHandler
                0x0800646c       0x30 ./Core/Src/peripherals/peripheralsSourceFiles/interrupts.o
                0x0800646c                EXTI3_IRQHandler
 .text.EXTI4_IRQHandler
                0x0800649c       0x30 ./Core/Src/peripherals/peripheralsSourceFiles/interrupts.o
                0x0800649c                EXTI4_IRQHandler
 .text.EXTI9_5_IRQHandler
                0x080064cc       0x5c ./Core/Src/peripherals/peripheralsSourceFiles/interrupts.o
                0x080064cc                EXTI9_5_IRQHandler
 .text.EXTI15_10_IRQHandler
                0x08006528       0x5c ./Core/Src/peripherals/peripheralsSourceFiles/interrupts.o
                0x08006528                EXTI15_10_IRQHandler
 .text.systick_setup
                0x08006584       0x2c ./Core/Src/peripherals/peripheralsSourceFiles/systick.o
                0x08006584                systick_setup
 .text.systick_milliSecond
                0x080065b0       0x28 ./Core/Src/peripherals/peripheralsSourceFiles/systick.o
                0x080065b0                systick_milliSecond
 .text.systick_delayMillis
                0x080065d8       0x24 ./Core/Src/peripherals/peripheralsSourceFiles/systick.o
                0x080065d8                systick_delayMillis
 .text.__NVIC_EnableIRQ
                0x080065fc       0x38 ./Core/Src/peripherals/peripheralsSourceFiles/timers.o
 .text.timers_setup
                0x08006634       0x78 ./Core/Src/peripherals/peripheralsSourceFiles/timers.o
                0x08006634                timers_setup
 .text.timers_start
                0x080066ac       0x54 ./Core/Src/peripherals/peripheralsSourceFiles/timers.o
                0x080066ac                timers_start
 .text.timers_irqStart
                0x08006700       0x7c ./Core/Src/peripherals/peripheralsSourceFiles/timers.o
                0x08006700                timers_irqStart
 .text.timers_irqRFlag
                0x0800677c       0x1e ./Core/Src/peripherals/peripheralsSourceFiles/timers.o
                0x0800677c                timers_irqRFlag
 *fill*         0x0800679a        0x2 
 .text.timers_irqAttach
                0x0800679c       0x34 ./Core/Src/peripherals/peripheralsSourceFiles/timers.o
                0x0800679c                timers_irqAttach
 .text.TIM1_UP_IRQHandler
                0x080067d0       0x24 ./Core/Src/peripherals/peripheralsSourceFiles/timers.o
                0x080067d0                TIM1_UP_IRQHandler
 .text.TIM2_IRQHandler
                0x080067f4       0x24 ./Core/Src/peripherals/peripheralsSourceFiles/timers.o
                0x080067f4                TIM2_IRQHandler
 .text.TIM3_IRQHandler
                0x08006818       0x24 ./Core/Src/peripherals/peripheralsSourceFiles/timers.o
                0x08006818                TIM3_IRQHandler
 .text.TIM4_IRQHandler
                0x0800683c       0x24 ./Core/Src/peripherals/peripheralsSourceFiles/timers.o
                0x0800683c                TIM4_IRQHandler
 .text.timers_getChannel
                0x08006860       0xc8 ./Core/Src/peripherals/peripheralsSourceFiles/timers.o
                0x08006860                timers_getChannel
 .text.timers_getTimer
                0x08006928       0x78 ./Core/Src/peripherals/peripheralsSourceFiles/timers.o
                0x08006928                timers_getTimer
 .text.timers_getNum
                0x080069a0       0x50 ./Core/Src/peripherals/peripheralsSourceFiles/timers.o
                0x080069a0                timers_getNum
 .text.timers_pwmSetup
                0x080069f0      0x1d8 ./Core/Src/peripherals/peripheralsSourceFiles/timers.o
                0x080069f0                timers_pwmSetup
 .text.timers_pwm
                0x08006bc8       0x80 ./Core/Src/peripherals/peripheralsSourceFiles/timers.o
                0x08006bc8                timers_pwm
 .text.timers_ovfHandler
                0x08006c48       0x24 ./Core/Src/peripherals/peripheralsSourceFiles/timers.o
                0x08006c48                timers_ovfHandler
 .text.timers_stopwatchSetup
                0x08006c6c       0x3c ./Core/Src/peripherals/peripheralsSourceFiles/timers.o
                0x08006c6c                timers_stopwatchSetup
 .text.timers_stopwatch
                0x08006ca8       0x3c ./Core/Src/peripherals/peripheralsSourceFiles/timers.o
                0x08006ca8                timers_stopwatch
 .text.uart_setup
                0x08006ce4       0x48 ./Core/Src/peripherals/peripheralsSourceFiles/uart.o
                0x08006ce4                uart_setup
 .text.uart_sendChar
                0x08006d2c       0x2c ./Core/Src/peripherals/peripheralsSourceFiles/uart.o
                0x08006d2c                uart_sendChar
 .text.uart_send
                0x08006d58       0x50 ./Core/Src/peripherals/peripheralsSourceFiles/uart.o
                0x08006d58                uart_send
 .text.Reset_Handler
                0x08006da8       0x48 ./Core/Startup/startup_stm32f103c8tx.o
                0x08006da8                Reset_Handler
 .text.Default_Handler
                0x08006df0        0x2 ./Core/Startup/startup_stm32f103c8tx.o
                0x08006df0                RTC_Alarm_IRQHandler
                0x08006df0                DebugMon_Handler
                0x08006df0                TIM1_CC_IRQHandler
                0x08006df0                HardFault_Handler
                0x08006df0                SysTick_Handler
                0x08006df0                PVD_IRQHandler
                0x08006df0                PendSV_Handler
                0x08006df0                NMI_Handler
                0x08006df0                I2C2_EV_IRQHandler
                0x08006df0                UsageFault_Handler
                0x08006df0                SPI1_IRQHandler
                0x08006df0                TAMPER_IRQHandler
                0x08006df0                DMA1_Channel4_IRQHandler
                0x08006df0                USART3_IRQHandler
                0x08006df0                RTC_IRQHandler
                0x08006df0                DMA1_Channel7_IRQHandler
                0x08006df0                CAN1_RX1_IRQHandler
                0x08006df0                I2C1_EV_IRQHandler
                0x08006df0                DMA1_Channel6_IRQHandler
                0x08006df0                RCC_IRQHandler
                0x08006df0                TIM1_TRG_COM_IRQHandler
                0x08006df0                DMA1_Channel1_IRQHandler
                0x08006df0                Default_Handler
                0x08006df0                SPI2_IRQHandler
                0x08006df0                MemManage_Handler
                0x08006df0                SVC_Handler
                0x08006df0                DMA1_Channel5_IRQHandler
                0x08006df0                USB_LP_CAN1_RX0_IRQHandler
                0x08006df0                USB_HP_CAN1_TX_IRQHandler
                0x08006df0                DMA1_Channel3_IRQHandler
                0x08006df0                WWDG_IRQHandler
                0x08006df0                TIM1_BRK_IRQHandler
                0x08006df0                USART2_IRQHandler
                0x08006df0                I2C2_ER_IRQHandler
                0x08006df0                DMA1_Channel2_IRQHandler
                0x08006df0                CAN1_SCE_IRQHandler
                0x08006df0                FLASH_IRQHandler
                0x08006df0                BusFault_Handler
                0x08006df0                USART1_IRQHandler
                0x08006df0                I2C1_ER_IRQHandler
                0x08006df0                USBWakeUp_IRQHandler
 *fill*         0x08006df2        0x2 
 .text.malloc   0x08006df4       0x10 C:/ST/STM32CubeIDE_1.19.0/STM32CubeIDE/plugins/com.st.stm32cube.ide.mcu.externaltools.gnu-tools-for-stm32.13.3.rel1.win32_1.0.0.202411081344/tools/bin/../lib/gcc/arm-none-eabi/13.3.1/../../../../arm-none-eabi/lib/thumb/v7-m/nofp\libc_nano.a(libc_a-malloc.o)
                0x08006df4                malloc
 .text.free     0x08006e04       0x10 C:/ST/STM32CubeIDE_1.19.0/STM32CubeIDE/plugins/com.st.stm32cube.ide.mcu.externaltools.gnu-tools-for-stm32.13.3.rel1.win32_1.0.0.202411081344/tools/bin/../lib/gcc/arm-none-eabi/13.3.1/../../../../arm-none-eabi/lib/thumb/v7-m/nofp\libc_nano.a(libc_a-malloc.o)
                0x08006e04                free
 .text.sbrk_aligned
                0x08006e14       0x44 C:/ST/STM32CubeIDE_1.19.0/STM32CubeIDE/plugins/com.st.stm32cube.ide.mcu.externaltools.gnu-tools-for-stm32.13.3.rel1.win32_1.0.0.202411081344/tools/bin/../lib/gcc/arm-none-eabi/13.3.1/../../../../arm-none-eabi/lib/thumb/v7-m/nofp\libc_nano.a(libc_a-mallocr.o)
 .text._malloc_r
                0x08006e58      0x100 C:/ST/STM32CubeIDE_1.19.0/STM32CubeIDE/plugins/com.st.stm32cube.ide.mcu.externaltools.gnu-tools-for-stm32.13.3.rel1.win32_1.0.0.202411081344/tools/bin/../lib/gcc/arm-none-eabi/13.3.1/../../../../arm-none-eabi/lib/thumb/v7-m/nofp\libc_nano.a(libc_a-mallocr.o)
                0x08006e58                _malloc_r
 .text.__malloc_lock
                0x08006f58        0xc C:/ST/STM32CubeIDE_1.19.0/STM32CubeIDE/plugins/com.st.stm32cube.ide.mcu.externaltools.gnu-tools-for-stm32.13.3.rel1.win32_1.0.0.202411081344/tools/bin/../lib/gcc/arm-none-eabi/13.3.1/../../../../arm-none-eabi/lib/thumb/v7-m/nofp\libc_nano.a(libc_a-mlock.o)
                0x08006f58                __malloc_lock
 .text.__malloc_unlock
                0x08006f64        0xc C:/ST/STM32CubeIDE_1.19.0/STM32CubeIDE/plugins/com.st.stm32cube.ide.mcu.externaltools.gnu-tools-for-stm32.13.3.rel1.win32_1.0.0.202411081344/tools/bin/../lib/gcc/arm-none-eabi/13.3.1/../../../../arm-none-eabi/lib/thumb/v7-m/nofp\libc_nano.a(libc_a-mlock.o)
                0x08006f64                __malloc_unlock
 .text.__cvt    0x08006f70       0xc8 C:/ST/STM32CubeIDE_1.19.0/STM32CubeIDE/plugins/com.st.stm32cube.ide.mcu.externaltools.gnu-tools-for-stm32.13.3.rel1.win32_1.0.0.202411081344/tools/bin/../lib/gcc/arm-none-eabi/13.3.1/../../../../arm-none-eabi/lib/thumb/v7-m/nofp\libc_nano.a(libc_a-nano-vfprintf_float.o)
                0x08006f70                __cvt
 .text.__exponent
                0x08007038       0x74 C:/ST/STM32CubeIDE_1.19.0/STM32CubeIDE/plugins/com.st.stm32cube.ide.mcu.externaltools.gnu-tools-for-stm32.13.3.rel1.win32_1.0.0.202411081344/tools/bin/../lib/gcc/arm-none-eabi/13.3.1/../../../../arm-none-eabi/lib/thumb/v7-m/nofp\libc_nano.a(libc_a-nano-vfprintf_float.o)
                0x08007038                __exponent
 .text._printf_float
                0x080070ac      0x458 C:/ST/STM32CubeIDE_1.19.0/STM32CubeIDE/plugins/com.st.stm32cube.ide.mcu.externaltools.gnu-tools-for-stm32.13.3.rel1.win32_1.0.0.202411081344/tools/bin/../lib/gcc/arm-none-eabi/13.3.1/../../../../arm-none-eabi/lib/thumb/v7-m/nofp\libc_nano.a(libc_a-nano-vfprintf_float.o)
                0x080070ac                _printf_float
 .text._printf_common
                0x08007504       0xe4 C:/ST/STM32CubeIDE_1.19.0/STM32CubeIDE/plugins/com.st.stm32cube.ide.mcu.externaltools.gnu-tools-for-stm32.13.3.rel1.win32_1.0.0.202411081344/tools/bin/../lib/gcc/arm-none-eabi/13.3.1/../../../../arm-none-eabi/lib/thumb/v7-m/nofp\libc_nano.a(libc_a-nano-vfprintf_i.o)
                0x08007504                _printf_common
 .text._printf_i
                0x080075e8      0x23c C:/ST/STM32CubeIDE_1.19.0/STM32CubeIDE/plugins/com.st.stm32cube.ide.mcu.externaltools.gnu-tools-for-stm32.13.3.rel1.win32_1.0.0.202411081344/tools/bin/../lib/gcc/arm-none-eabi/13.3.1/../../../../arm-none-eabi/lib/thumb/v7-m/nofp\libc_nano.a(libc_a-nano-vfprintf_i.o)
                0x080075e8                _printf_i
 .text.std      0x08007824       0x6c C:/ST/STM32CubeIDE_1.19.0/STM32CubeIDE/plugins/com.st.stm32cube.ide.mcu.externaltools.gnu-tools-for-stm32.13.3.rel1.win32_1.0.0.202411081344/tools/bin/../lib/gcc/arm-none-eabi/13.3.1/../../../../arm-none-eabi/lib/thumb/v7-m/nofp\libc_nano.a(libc_a-findfp.o)
 .text.stdio_exit_handler
                0x08007890       0x18 C:/ST/STM32CubeIDE_1.19.0/STM32CubeIDE/plugins/com.st.stm32cube.ide.mcu.externaltools.gnu-tools-for-stm32.13.3.rel1.win32_1.0.0.202411081344/tools/bin/../lib/gcc/arm-none-eabi/13.3.1/../../../../arm-none-eabi/lib/thumb/v7-m/nofp\libc_nano.a(libc_a-findfp.o)
 .text.cleanup_stdio
                0x080078a8       0x40 C:/ST/STM32CubeIDE_1.19.0/STM32CubeIDE/plugins/com.st.stm32cube.ide.mcu.externaltools.gnu-tools-for-stm32.13.3.rel1.win32_1.0.0.202411081344/tools/bin/../lib/gcc/arm-none-eabi/13.3.1/../../../../arm-none-eabi/lib/thumb/v7-m/nofp\libc_nano.a(libc_a-findfp.o)
 .text.global_stdio_init.part.0
                0x080078e8       0x3c C:/ST/STM32CubeIDE_1.19.0/STM32CubeIDE/plugins/com.st.stm32cube.ide.mcu.externaltools.gnu-tools-for-stm32.13.3.rel1.win32_1.0.0.202411081344/tools/bin/../lib/gcc/arm-none-eabi/13.3.1/../../../../arm-none-eabi/lib/thumb/v7-m/nofp\libc_nano.a(libc_a-findfp.o)
 .text.__sfp_lock_acquire
                0x08007924        0xc C:/ST/STM32CubeIDE_1.19.0/STM32CubeIDE/plugins/com.st.stm32cube.ide.mcu.externaltools.gnu-tools-for-stm32.13.3.rel1.win32_1.0.0.202411081344/tools/bin/../lib/gcc/arm-none-eabi/13.3.1/../../../../arm-none-eabi/lib/thumb/v7-m/nofp\libc_nano.a(libc_a-findfp.o)
                0x08007924                __sfp_lock_acquire
 .text.__sfp_lock_release
                0x08007930        0xc C:/ST/STM32CubeIDE_1.19.0/STM32CubeIDE/plugins/com.st.stm32cube.ide.mcu.externaltools.gnu-tools-for-stm32.13.3.rel1.win32_1.0.0.202411081344/tools/bin/../lib/gcc/arm-none-eabi/13.3.1/../../../../arm-none-eabi/lib/thumb/v7-m/nofp\libc_nano.a(libc_a-findfp.o)
                0x08007930                __sfp_lock_release
 .text.__sinit  0x0800793c       0x30 C:/ST/STM32CubeIDE_1.19.0/STM32CubeIDE/plugins/com.st.stm32cube.ide.mcu.externaltools.gnu-tools-for-stm32.13.3.rel1.win32_1.0.0.202411081344/tools/bin/../lib/gcc/arm-none-eabi/13.3.1/../../../../arm-none-eabi/lib/thumb/v7-m/nofp\libc_nano.a(libc_a-findfp.o)
                0x0800793c                __sinit
 .text._fwalk_sglue
                0x0800796c       0x3c C:/ST/STM32CubeIDE_1.19.0/STM32CubeIDE/plugins/com.st.stm32cube.ide.mcu.externaltools.gnu-tools-for-stm32.13.3.rel1.win32_1.0.0.202411081344/tools/bin/../lib/gcc/arm-none-eabi/13.3.1/../../../../arm-none-eabi/lib/thumb/v7-m/nofp\libc_nano.a(libc_a-fwalk.o)
                0x0800796c                _fwalk_sglue
 .text.snprintf
                0x080079a8       0x6c C:/ST/STM32CubeIDE_1.19.0/STM32CubeIDE/plugins/com.st.stm32cube.ide.mcu.externaltools.gnu-tools-for-stm32.13.3.rel1.win32_1.0.0.202411081344/tools/bin/../lib/gcc/arm-none-eabi/13.3.1/../../../../arm-none-eabi/lib/thumb/v7-m/nofp\libc_nano.a(libc_a-snprintf.o)
                0x080079a8                sniprintf
                0x080079a8                snprintf
 .text.__sread  0x08007a14       0x22 C:/ST/STM32CubeIDE_1.19.0/STM32CubeIDE/plugins/com.st.stm32cube.ide.mcu.externaltools.gnu-tools-for-stm32.13.3.rel1.win32_1.0.0.202411081344/tools/bin/../lib/gcc/arm-none-eabi/13.3.1/../../../../arm-none-eabi/lib/thumb/v7-m/nofp\libc_nano.a(libc_a-stdio.o)
                0x08007a14                __sread
 .text.__swrite
                0x08007a36       0x38 C:/ST/STM32CubeIDE_1.19.0/STM32CubeIDE/plugins/com.st.stm32cube.ide.mcu.externaltools.gnu-tools-for-stm32.13.3.rel1.win32_1.0.0.202411081344/tools/bin/../lib/gcc/arm-none-eabi/13.3.1/../../../../arm-none-eabi/lib/thumb/v7-m/nofp\libc_nano.a(libc_a-stdio.o)
                0x08007a36                __swrite
 .text.__sseek  0x08007a6e       0x24 C:/ST/STM32CubeIDE_1.19.0/STM32CubeIDE/plugins/com.st.stm32cube.ide.mcu.externaltools.gnu-tools-for-stm32.13.3.rel1.win32_1.0.0.202411081344/tools/bin/../lib/gcc/arm-none-eabi/13.3.1/../../../../arm-none-eabi/lib/thumb/v7-m/nofp\libc_nano.a(libc_a-stdio.o)
                0x08007a6e                __sseek
 .text.__sclose
                0x08007a92        0x8 C:/ST/STM32CubeIDE_1.19.0/STM32CubeIDE/plugins/com.st.stm32cube.ide.mcu.externaltools.gnu-tools-for-stm32.13.3.rel1.win32_1.0.0.202411081344/tools/bin/../lib/gcc/arm-none-eabi/13.3.1/../../../../arm-none-eabi/lib/thumb/v7-m/nofp\libc_nano.a(libc_a-stdio.o)
                0x08007a92                __sclose
 .text._vsnprintf_r
                0x08007a9a       0x5c C:/ST/STM32CubeIDE_1.19.0/STM32CubeIDE/plugins/com.st.stm32cube.ide.mcu.externaltools.gnu-tools-for-stm32.13.3.rel1.win32_1.0.0.202411081344/tools/bin/../lib/gcc/arm-none-eabi/13.3.1/../../../../arm-none-eabi/lib/thumb/v7-m/nofp\libc_nano.a(libc_a-vsnprintf.o)
                0x08007a9a                _vsniprintf_r
                0x08007a9a                _vsnprintf_r
 *fill*         0x08007af6        0x2 
 .text.vsnprintf
                0x08007af8       0x1c C:/ST/STM32CubeIDE_1.19.0/STM32CubeIDE/plugins/com.st.stm32cube.ide.mcu.externaltools.gnu-tools-for-stm32.13.3.rel1.win32_1.0.0.202411081344/tools/bin/../lib/gcc/arm-none-eabi/13.3.1/../../../../arm-none-eabi/lib/thumb/v7-m/nofp\libc_nano.a(libc_a-vsnprintf.o)
                0x08007af8                vsniprintf
                0x08007af8                vsnprintf
 .text.memset   0x08007b14       0x10 C:/ST/STM32CubeIDE_1.19.0/STM32CubeIDE/plugins/com.st.stm32cube.ide.mcu.externaltools.gnu-tools-for-stm32.13.3.rel1.win32_1.0.0.202411081344/tools/bin/../lib/gcc/arm-none-eabi/13.3.1/../../../../arm-none-eabi/lib/thumb/v7-m/nofp\libc_nano.a(libc_a-memset.o)
                0x08007b14                memset
 .text._localeconv_r
                0x08007b24        0x8 C:/ST/STM32CubeIDE_1.19.0/STM32CubeIDE/plugins/com.st.stm32cube.ide.mcu.externaltools.gnu-tools-for-stm32.13.3.rel1.win32_1.0.0.202411081344/tools/bin/../lib/gcc/arm-none-eabi/13.3.1/../../../../arm-none-eabi/lib/thumb/v7-m/nofp\libc_nano.a(libc_a-localeconv.o)
                0x08007b24                _localeconv_r
 .text._close_r
                0x08007b2c       0x20 C:/ST/STM32CubeIDE_1.19.0/STM32CubeIDE/plugins/com.st.stm32cube.ide.mcu.externaltools.gnu-tools-for-stm32.13.3.rel1.win32_1.0.0.202411081344/tools/bin/../lib/gcc/arm-none-eabi/13.3.1/../../../../arm-none-eabi/lib/thumb/v7-m/nofp\libc_nano.a(libc_a-closer.o)
                0x08007b2c                _close_r
 .text._lseek_r
                0x08007b4c       0x24 C:/ST/STM32CubeIDE_1.19.0/STM32CubeIDE/plugins/com.st.stm32cube.ide.mcu.externaltools.gnu-tools-for-stm32.13.3.rel1.win32_1.0.0.202411081344/tools/bin/../lib/gcc/arm-none-eabi/13.3.1/../../../../arm-none-eabi/lib/thumb/v7-m/nofp\libc_nano.a(libc_a-lseekr.o)
                0x08007b4c                _lseek_r
 .text._read_r  0x08007b70       0x24 C:/ST/STM32CubeIDE_1.19.0/STM32CubeIDE/plugins/com.st.stm32cube.ide.mcu.externaltools.gnu-tools-for-stm32.13.3.rel1.win32_1.0.0.202411081344/tools/bin/../lib/gcc/arm-none-eabi/13.3.1/../../../../arm-none-eabi/lib/thumb/v7-m/nofp\libc_nano.a(libc_a-readr.o)
                0x08007b70                _read_r
 .text._sbrk_r  0x08007b94       0x20 C:/ST/STM32CubeIDE_1.19.0/STM32CubeIDE/plugins/com.st.stm32cube.ide.mcu.externaltools.gnu-tools-for-stm32.13.3.rel1.win32_1.0.0.202411081344/tools/bin/../lib/gcc/arm-none-eabi/13.3.1/../../../../arm-none-eabi/lib/thumb/v7-m/nofp\libc_nano.a(libc_a-sbrkr.o)
                0x08007b94                _sbrk_r
 .text._write_r
                0x08007bb4       0x24 C:/ST/STM32CubeIDE_1.19.0/STM32CubeIDE/plugins/com.st.stm32cube.ide.mcu.externaltools.gnu-tools-for-stm32.13.3.rel1.win32_1.0.0.202411081344/tools/bin/../lib/gcc/arm-none-eabi/13.3.1/../../../../arm-none-eabi/lib/thumb/v7-m/nofp\libc_nano.a(libc_a-writer.o)
                0x08007bb4                _write_r
 .text.__errno  0x08007bd8        0xc C:/ST/STM32CubeIDE_1.19.0/STM32CubeIDE/plugins/com.st.stm32cube.ide.mcu.externaltools.gnu-tools-for-stm32.13.3.rel1.win32_1.0.0.202411081344/tools/bin/../lib/gcc/arm-none-eabi/13.3.1/../../../../arm-none-eabi/lib/thumb/v7-m/nofp\libc_nano.a(libc_a-errno.o)
                0x08007bd8                __errno
 .text.__libc_init_array
                0x08007be4       0x48 C:/ST/STM32CubeIDE_1.19.0/STM32CubeIDE/plugins/com.st.stm32cube.ide.mcu.externaltools.gnu-tools-for-stm32.13.3.rel1.win32_1.0.0.202411081344/tools/bin/../lib/gcc/arm-none-eabi/13.3.1/../../../../arm-none-eabi/lib/thumb/v7-m/nofp\libc_nano.a(libc_a-init.o)
                0x08007be4                __libc_init_array
 .text.__retarget_lock_init_recursive
                0x08007c2c        0x2 C:/ST/STM32CubeIDE_1.19.0/STM32CubeIDE/plugins/com.st.stm32cube.ide.mcu.externaltools.gnu-tools-for-stm32.13.3.rel1.win32_1.0.0.202411081344/tools/bin/../lib/gcc/arm-none-eabi/13.3.1/../../../../arm-none-eabi/lib/thumb/v7-m/nofp\libc_nano.a(libc_a-lock.o)
                0x08007c2c                __retarget_lock_init_recursive
 .text.__retarget_lock_acquire_recursive
                0x08007c2e        0x2 C:/ST/STM32CubeIDE_1.19.0/STM32CubeIDE/plugins/com.st.stm32cube.ide.mcu.externaltools.gnu-tools-for-stm32.13.3.rel1.win32_1.0.0.202411081344/tools/bin/../lib/gcc/arm-none-eabi/13.3.1/../../../../arm-none-eabi/lib/thumb/v7-m/nofp\libc_nano.a(libc_a-lock.o)
                0x08007c2e                __retarget_lock_acquire_recursive
 .text.__retarget_lock_release_recursive
                0x08007c30        0x2 C:/ST/STM32CubeIDE_1.19.0/STM32CubeIDE/plugins/com.st.stm32cube.ide.mcu.externaltools.gnu-tools-for-stm32.13.3.rel1.win32_1.0.0.202411081344/tools/bin/../lib/gcc/arm-none-eabi/13.3.1/../../../../arm-none-eabi/lib/thumb/v7-m/nofp\libc_nano.a(libc_a-lock.o)
                0x08007c30                __retarget_lock_release_recursive
 .text.memchr   0x08007c32       0x1c C:/ST/STM32CubeIDE_1.19.0/STM32CubeIDE/plugins/com.st.stm32cube.ide.mcu.externaltools.gnu-tools-for-stm32.13.3.rel1.win32_1.0.0.202411081344/tools/bin/../lib/gcc/arm-none-eabi/13.3.1/../../../../arm-none-eabi/lib/thumb/v7-m/nofp\libc_nano.a(libc_a-memchr-stub.o)
                0x08007c32                memchr
 .text.quorem   0x08007c4e      0x110 C:/ST/STM32CubeIDE_1.19.0/STM32CubeIDE/plugins/com.st.stm32cube.ide.mcu.externaltools.gnu-tools-for-stm32.13.3.rel1.win32_1.0.0.202411081344/tools/bin/../lib/gcc/arm-none-eabi/13.3.1/../../../../arm-none-eabi/lib/thumb/v7-m/nofp\libc_nano.a(libc_a-dtoa.o)
 *fill*         0x08007d5e        0x2 
 .text._dtoa_r  0x08007d60      0xba8 C:/ST/STM32CubeIDE_1.19.0/STM32CubeIDE/plugins/com.st.stm32cube.ide.mcu.externaltools.gnu-tools-for-stm32.13.3.rel1.win32_1.0.0.202411081344/tools/bin/../lib/gcc/arm-none-eabi/13.3.1/../../../../arm-none-eabi/lib/thumb/v7-m/nofp\libc_nano.a(libc_a-dtoa.o)
                0x08007d60                _dtoa_r
 .text._free_r  0x08008908       0x90 C:/ST/STM32CubeIDE_1.19.0/STM32CubeIDE/plugins/com.st.stm32cube.ide.mcu.externaltools.gnu-tools-for-stm32.13.3.rel1.win32_1.0.0.202411081344/tools/bin/../lib/gcc/arm-none-eabi/13.3.1/../../../../arm-none-eabi/lib/thumb/v7-m/nofp\libc_nano.a(libc_a-freer.o)
                0x08008908                _free_r
 .text._Balloc  0x08008998       0x80 C:/ST/STM32CubeIDE_1.19.0/STM32CubeIDE/plugins/com.st.stm32cube.ide.mcu.externaltools.gnu-tools-for-stm32.13.3.rel1.win32_1.0.0.202411081344/tools/bin/../lib/gcc/arm-none-eabi/13.3.1/../../../../arm-none-eabi/lib/thumb/v7-m/nofp\libc_nano.a(libc_a-mprec.o)
                0x08008998                _Balloc
 .text._Bfree   0x08008a18       0x44 C:/ST/STM32CubeIDE_1.19.0/STM32CubeIDE/plugins/com.st.stm32cube.ide.mcu.externaltools.gnu-tools-for-stm32.13.3.rel1.win32_1.0.0.202411081344/tools/bin/../lib/gcc/arm-none-eabi/13.3.1/../../../../arm-none-eabi/lib/thumb/v7-m/nofp\libc_nano.a(libc_a-mprec.o)
                0x08008a18                _Bfree
 .text.__multadd
                0x08008a5c       0x8c C:/ST/STM32CubeIDE_1.19.0/STM32CubeIDE/plugins/com.st.stm32cube.ide.mcu.externaltools.gnu-tools-for-stm32.13.3.rel1.win32_1.0.0.202411081344/tools/bin/../lib/gcc/arm-none-eabi/13.3.1/../../../../arm-none-eabi/lib/thumb/v7-m/nofp\libc_nano.a(libc_a-mprec.o)
                0x08008a5c                __multadd
 .text.__hi0bits
                0x08008ae8       0x3e C:/ST/STM32CubeIDE_1.19.0/STM32CubeIDE/plugins/com.st.stm32cube.ide.mcu.externaltools.gnu-tools-for-stm32.13.3.rel1.win32_1.0.0.202411081344/tools/bin/../lib/gcc/arm-none-eabi/13.3.1/../../../../arm-none-eabi/lib/thumb/v7-m/nofp\libc_nano.a(libc_a-mprec.o)
                0x08008ae8                __hi0bits
 .text.__lo0bits
                0x08008b26       0x5a C:/ST/STM32CubeIDE_1.19.0/STM32CubeIDE/plugins/com.st.stm32cube.ide.mcu.externaltools.gnu-tools-for-stm32.13.3.rel1.win32_1.0.0.202411081344/tools/bin/../lib/gcc/arm-none-eabi/13.3.1/../../../../arm-none-eabi/lib/thumb/v7-m/nofp\libc_nano.a(libc_a-mprec.o)
                0x08008b26                __lo0bits
 .text.__i2b    0x08008b80       0x2c C:/ST/STM32CubeIDE_1.19.0/STM32CubeIDE/plugins/com.st.stm32cube.ide.mcu.externaltools.gnu-tools-for-stm32.13.3.rel1.win32_1.0.0.202411081344/tools/bin/../lib/gcc/arm-none-eabi/13.3.1/../../../../arm-none-eabi/lib/thumb/v7-m/nofp\libc_nano.a(libc_a-mprec.o)
                0x08008b80                __i2b
 .text.__multiply
                0x08008bac      0x144 C:/ST/STM32CubeIDE_1.19.0/STM32CubeIDE/plugins/com.st.stm32cube.ide.mcu.externaltools.gnu-tools-for-stm32.13.3.rel1.win32_1.0.0.202411081344/tools/bin/../lib/gcc/arm-none-eabi/13.3.1/../../../../arm-none-eabi/lib/thumb/v7-m/nofp\libc_nano.a(libc_a-mprec.o)
                0x08008bac                __multiply
 .text.__pow5mult
                0x08008cf0       0xb4 C:/ST/STM32CubeIDE_1.19.0/STM32CubeIDE/plugins/com.st.stm32cube.ide.mcu.externaltools.gnu-tools-for-stm32.13.3.rel1.win32_1.0.0.202411081344/tools/bin/../lib/gcc/arm-none-eabi/13.3.1/../../../../arm-none-eabi/lib/thumb/v7-m/nofp\libc_nano.a(libc_a-mprec.o)
                0x08008cf0                __pow5mult
 .text.__lshift
                0x08008da4       0xd8 C:/ST/STM32CubeIDE_1.19.0/STM32CubeIDE/plugins/com.st.stm32cube.ide.mcu.externaltools.gnu-tools-for-stm32.13.3.rel1.win32_1.0.0.202411081344/tools/bin/../lib/gcc/arm-none-eabi/13.3.1/../../../../arm-none-eabi/lib/thumb/v7-m/nofp\libc_nano.a(libc_a-mprec.o)
                0x08008da4                __lshift
 .text.__mcmp   0x08008e7c       0x36 C:/ST/STM32CubeIDE_1.19.0/STM32CubeIDE/plugins/com.st.stm32cube.ide.mcu.externaltools.gnu-tools-for-stm32.13.3.rel1.win32_1.0.0.202411081344/tools/bin/../lib/gcc/arm-none-eabi/13.3.1/../../../../arm-none-eabi/lib/thumb/v7-m/nofp\libc_nano.a(libc_a-mprec.o)
                0x08008e7c                __mcmp
 *fill*         0x08008eb2        0x2 
 .text.__mdiff  0x08008eb4      0x128 C:/ST/STM32CubeIDE_1.19.0/STM32CubeIDE/plugins/com.st.stm32cube.ide.mcu.externaltools.gnu-tools-for-stm32.13.3.rel1.win32_1.0.0.202411081344/tools/bin/../lib/gcc/arm-none-eabi/13.3.1/../../../../arm-none-eabi/lib/thumb/v7-m/nofp\libc_nano.a(libc_a-mprec.o)
                0x08008eb4                __mdiff
 .text.__d2b    0x08008fdc       0xb0 C:/ST/STM32CubeIDE_1.19.0/STM32CubeIDE/plugins/com.st.stm32cube.ide.mcu.externaltools.gnu-tools-for-stm32.13.3.rel1.win32_1.0.0.202411081344/tools/bin/../lib/gcc/arm-none-eabi/13.3.1/../../../../arm-none-eabi/lib/thumb/v7-m/nofp\libc_nano.a(libc_a-mprec.o)
                0x08008fdc                __d2b
 .text.__ssputs_r
                0x0800908c       0xb6 C:/ST/STM32CubeIDE_1.19.0/STM32CubeIDE/plugins/com.st.stm32cube.ide.mcu.externaltools.gnu-tools-for-stm32.13.3.rel1.win32_1.0.0.202411081344/tools/bin/../lib/gcc/arm-none-eabi/13.3.1/../../../../arm-none-eabi/lib/thumb/v7-m/nofp\libc_nano.a(libc_a-nano-svfprintf.o)
                0x0800908c                __ssputs_r
 *fill*         0x08009142        0x2 
 .text._svfprintf_r
                0x08009144      0x1f8 C:/ST/STM32CubeIDE_1.19.0/STM32CubeIDE/plugins/com.st.stm32cube.ide.mcu.externaltools.gnu-tools-for-stm32.13.3.rel1.win32_1.0.0.202411081344/tools/bin/../lib/gcc/arm-none-eabi/13.3.1/../../../../arm-none-eabi/lib/thumb/v7-m/nofp\libc_nano.a(libc_a-nano-svfprintf.o)
                0x08009144                _svfiprintf_r
                0x08009144                _svfprintf_r
 .text.__sflush_r
                0x0800933c      0x100 C:/ST/STM32CubeIDE_1.19.0/STM32CubeIDE/plugins/com.st.stm32cube.ide.mcu.externaltools.gnu-tools-for-stm32.13.3.rel1.win32_1.0.0.202411081344/tools/bin/../lib/gcc/arm-none-eabi/13.3.1/../../../../arm-none-eabi/lib/thumb/v7-m/nofp\libc_nano.a(libc_a-fflush.o)
                0x0800933c                __sflush_r
 .text._fflush_r
                0x0800943c       0x50 C:/ST/STM32CubeIDE_1.19.0/STM32CubeIDE/plugins/com.st.stm32cube.ide.mcu.externaltools.gnu-tools-for-stm32.13.3.rel1.win32_1.0.0.202411081344/tools/bin/../lib/gcc/arm-none-eabi/13.3.1/../../../../arm-none-eabi/lib/thumb/v7-m/nofp\libc_nano.a(libc_a-fflush.o)
                0x0800943c                _fflush_r
 .text.memmove  0x0800948c       0x34 C:/ST/STM32CubeIDE_1.19.0/STM32CubeIDE/plugins/com.st.stm32cube.ide.mcu.externaltools.gnu-tools-for-stm32.13.3.rel1.win32_1.0.0.202411081344/tools/bin/../lib/gcc/arm-none-eabi/13.3.1/../../../../arm-none-eabi/lib/thumb/v7-m/nofp\libc_nano.a(libc_a-memmove.o)
                0x0800948c                memmove
 .text.memcpy   0x080094c0       0x1c C:/ST/STM32CubeIDE_1.19.0/STM32CubeIDE/plugins/com.st.stm32cube.ide.mcu.externaltools.gnu-tools-for-stm32.13.3.rel1.win32_1.0.0.202411081344/tools/bin/../lib/gcc/arm-none-eabi/13.3.1/../../../../arm-none-eabi/lib/thumb/v7-m/nofp\libc_nano.a(libc_a-memcpy-stub.o)
                0x080094c0                memcpy
 .text.__assert_func
                0x080094dc       0x3c C:/ST/STM32CubeIDE_1.19.0/STM32CubeIDE/plugins/com.st.stm32cube.ide.mcu.externaltools.gnu-tools-for-stm32.13.3.rel1.win32_1.0.0.202411081344/tools/bin/../lib/gcc/arm-none-eabi/13.3.1/../../../../arm-none-eabi/lib/thumb/v7-m/nofp\libc_nano.a(libc_a-assert.o)
                0x080094dc                __assert_func
 .text._calloc_r
                0x08009518       0x28 C:/ST/STM32CubeIDE_1.19.0/STM32CubeIDE/plugins/com.st.stm32cube.ide.mcu.externaltools.gnu-tools-for-stm32.13.3.rel1.win32_1.0.0.202411081344/tools/bin/../lib/gcc/arm-none-eabi/13.3.1/../../../../arm-none-eabi/lib/thumb/v7-m/nofp\libc_nano.a(libc_a-callocr.o)
                0x08009518                _calloc_r
 .text.__ascii_mbtowc
                0x08009540       0x24 C:/ST/STM32CubeIDE_1.19.0/STM32CubeIDE/plugins/com.st.stm32cube.ide.mcu.externaltools.gnu-tools-for-stm32.13.3.rel1.win32_1.0.0.202411081344/tools/bin/../lib/gcc/arm-none-eabi/13.3.1/../../../../arm-none-eabi/lib/thumb/v7-m/nofp\libc_nano.a(libc_a-mbtowc_r.o)
                0x08009540                __ascii_mbtowc
 .text._realloc_r
                0x08009564       0x5c C:/ST/STM32CubeIDE_1.19.0/STM32CubeIDE/plugins/com.st.stm32cube.ide.mcu.externaltools.gnu-tools-for-stm32.13.3.rel1.win32_1.0.0.202411081344/tools/bin/../lib/gcc/arm-none-eabi/13.3.1/../../../../arm-none-eabi/lib/thumb/v7-m/nofp\libc_nano.a(libc_a-reallocr.o)
                0x08009564                _realloc_r
 .text.__ascii_wctomb
                0x080095c0       0x1a C:/ST/STM32CubeIDE_1.19.0/STM32CubeIDE/plugins/com.st.stm32cube.ide.mcu.externaltools.gnu-tools-for-stm32.13.3.rel1.win32_1.0.0.202411081344/tools/bin/../lib/gcc/arm-none-eabi/13.3.1/../../../../arm-none-eabi/lib/thumb/v7-m/nofp\libc_nano.a(libc_a-wctomb_r.o)
                0x080095c0                __ascii_wctomb
 *fill*         0x080095da        0x2 
 .text.fprintf  0x080095dc       0x24 C:/ST/STM32CubeIDE_1.19.0/STM32CubeIDE/plugins/com.st.stm32cube.ide.mcu.externaltools.gnu-tools-for-stm32.13.3.rel1.win32_1.0.0.202411081344/tools/bin/../lib/gcc/arm-none-eabi/13.3.1/../../../../arm-none-eabi/lib/thumb/v7-m/nofp\libc_nano.a(libc_a-fprintf.o)
                0x080095dc                fiprintf
                0x080095dc                fprintf
 .text.abort    0x08009600        0xe C:/ST/STM32CubeIDE_1.19.0/STM32CubeIDE/plugins/com.st.stm32cube.ide.mcu.externaltools.gnu-tools-for-stm32.13.3.rel1.win32_1.0.0.202411081344/tools/bin/../lib/gcc/arm-none-eabi/13.3.1/../../../../arm-none-eabi/lib/thumb/v7-m/nofp\libc_nano.a(libc_a-abort.o)
                0x08009600                abort
 .text._malloc_usable_size_r
                0x0800960e       0x10 C:/ST/STM32CubeIDE_1.19.0/STM32CubeIDE/plugins/com.st.stm32cube.ide.mcu.externaltools.gnu-tools-for-stm32.13.3.rel1.win32_1.0.0.202411081344/tools/bin/../lib/gcc/arm-none-eabi/13.3.1/../../../../arm-none-eabi/lib/thumb/v7-m/nofp\libc_nano.a(libc_a-msizer.o)
                0x0800960e                _malloc_usable_size_r
 .text.__sfputc_r
                0x0800961e       0x2a C:/ST/STM32CubeIDE_1.19.0/STM32CubeIDE/plugins/com.st.stm32cube.ide.mcu.externaltools.gnu-tools-for-stm32.13.3.rel1.win32_1.0.0.202411081344/tools/bin/../lib/gcc/arm-none-eabi/13.3.1/../../../../arm-none-eabi/lib/thumb/v7-m/nofp\libc_nano.a(libc_a-nano-vfprintf.o)
 .text.__sfputs_r
                0x08009648       0x24 C:/ST/STM32CubeIDE_1.19.0/STM32CubeIDE/plugins/com.st.stm32cube.ide.mcu.externaltools.gnu-tools-for-stm32.13.3.rel1.win32_1.0.0.202411081344/tools/bin/../lib/gcc/arm-none-eabi/13.3.1/../../../../arm-none-eabi/lib/thumb/v7-m/nofp\libc_nano.a(libc_a-nano-vfprintf.o)
                0x08009648                __sfputs_r
 .text._vfprintf_r
                0x0800966c      0x230 C:/ST/STM32CubeIDE_1.19.0/STM32CubeIDE/plugins/com.st.stm32cube.ide.mcu.externaltools.gnu-tools-for-stm32.13.3.rel1.win32_1.0.0.202411081344/tools/bin/../lib/gcc/arm-none-eabi/13.3.1/../../../../arm-none-eabi/lib/thumb/v7-m/nofp\libc_nano.a(libc_a-nano-vfprintf.o)
                0x0800966c                _vfprintf_r
                0x0800966c                _vfiprintf_r
 .text.__swbuf_r
                0x0800989c       0x7c C:/ST/STM32CubeIDE_1.19.0/STM32CubeIDE/plugins/com.st.stm32cube.ide.mcu.externaltools.gnu-tools-for-stm32.13.3.rel1.win32_1.0.0.202411081344/tools/bin/../lib/gcc/arm-none-eabi/13.3.1/../../../../arm-none-eabi/lib/thumb/v7-m/nofp\libc_nano.a(libc_a-wbuf.o)
                0x0800989c                __swbuf_r
 .text.__swsetup_r
                0x08009918       0xac C:/ST/STM32CubeIDE_1.19.0/STM32CubeIDE/plugins/com.st.stm32cube.ide.mcu.externaltools.gnu-tools-for-stm32.13.3.rel1.win32_1.0.0.202411081344/tools/bin/../lib/gcc/arm-none-eabi/13.3.1/../../../../arm-none-eabi/lib/thumb/v7-m/nofp\libc_nano.a(libc_a-wsetup.o)
                0x08009918                __swsetup_r
 .text._raise_r
                0x080099c4       0x50 C:/ST/STM32CubeIDE_1.19.0/STM32CubeIDE/plugins/com.st.stm32cube.ide.mcu.externaltools.gnu-tools-for-stm32.13.3.rel1.win32_1.0.0.202411081344/tools/bin/../lib/gcc/arm-none-eabi/13.3.1/../../../../arm-none-eabi/lib/thumb/v7-m/nofp\libc_nano.a(libc_a-signal.o)
                0x080099c4                _raise_r
 .text.raise    0x08009a14       0x10 C:/ST/STM32CubeIDE_1.19.0/STM32CubeIDE/plugins/com.st.stm32cube.ide.mcu.externaltools.gnu-tools-for-stm32.13.3.rel1.win32_1.0.0.202411081344/tools/bin/../lib/gcc/arm-none-eabi/13.3.1/../../../../arm-none-eabi/lib/thumb/v7-m/nofp\libc_nano.a(libc_a-signal.o)
                0x08009a14                raise
 .text._kill_r  0x08009a24       0x24 C:/ST/STM32CubeIDE_1.19.0/STM32CubeIDE/plugins/com.st.stm32cube.ide.mcu.externaltools.gnu-tools-for-stm32.13.3.rel1.win32_1.0.0.202411081344/tools/bin/../lib/gcc/arm-none-eabi/13.3.1/../../../../arm-none-eabi/lib/thumb/v7-m/nofp\libc_nano.a(libc_a-signalr.o)
                0x08009a24                _kill_r
 .text._getpid_r
                0x08009a48        0x4 C:/ST/STM32CubeIDE_1.19.0/STM32CubeIDE/plugins/com.st.stm32cube.ide.mcu.externaltools.gnu-tools-for-stm32.13.3.rel1.win32_1.0.0.202411081344/tools/bin/../lib/gcc/arm-none-eabi/13.3.1/../../../../arm-none-eabi/lib/thumb/v7-m/nofp\libc_nano.a(libc_a-signalr.o)
                0x08009a48                _getpid_r
 .text.__swhatbuf_r
                0x08009a4c       0x4a C:/ST/STM32CubeIDE_1.19.0/STM32CubeIDE/plugins/com.st.stm32cube.ide.mcu.externaltools.gnu-tools-for-stm32.13.3.rel1.win32_1.0.0.202411081344/tools/bin/../lib/gcc/arm-none-eabi/13.3.1/../../../../arm-none-eabi/lib/thumb/v7-m/nofp\libc_nano.a(libc_a-makebuf.o)
                0x08009a4c                __swhatbuf_r
 .text.__smakebuf_r
                0x08009a96       0x78 C:/ST/STM32CubeIDE_1.19.0/STM32CubeIDE/plugins/com.st.stm32cube.ide.mcu.externaltools.gnu-tools-for-stm32.13.3.rel1.win32_1.0.0.202411081344/tools/bin/../lib/gcc/arm-none-eabi/13.3.1/../../../../arm-none-eabi/lib/thumb/v7-m/nofp\libc_nano.a(libc_a-makebuf.o)
                0x08009a96                __smakebuf_r
 *fill*         0x08009b0e        0x2 
 .text._fstat_r
                0x08009b10       0x24 C:/ST/STM32CubeIDE_1.19.0/STM32CubeIDE/plugins/com.st.stm32cube.ide.mcu.externaltools.gnu-tools-for-stm32.13.3.rel1.win32_1.0.0.202411081344/tools/bin/../lib/gcc/arm-none-eabi/13.3.1/../../../../arm-none-eabi/lib/thumb/v7-m/nofp\libc_nano.a(libc_a-fstatr.o)
                0x08009b10                _fstat_r
 .text._isatty_r
                0x08009b34       0x20 C:/ST/STM32CubeIDE_1.19.0/STM32CubeIDE/plugins/com.st.stm32cube.ide.mcu.externaltools.gnu-tools-for-stm32.13.3.rel1.win32_1.0.0.202411081344/tools/bin/../lib/gcc/arm-none-eabi/13.3.1/../../../../arm-none-eabi/lib/thumb/v7-m/nofp\libc_nano.a(libc_a-isattyr.o)
                0x08009b34                _isatty_r
 *(.glue_7)
 .glue_7        0x08009b54        0x0 linker stubs
 *(.glue_7t)
 .glue_7t       0x08009b54        0x0 linker stubs
 *(.eh_frame)
 .eh_frame      0x08009b54        0x0 C:/ST/STM32CubeIDE_1.19.0/STM32CubeIDE/plugins/com.st.stm32cube.ide.mcu.externaltools.gnu-tools-for-stm32.13.3.rel1.win32_1.0.0.202411081344/tools/bin/../lib/gcc/arm-none-eabi/13.3.1/thumb/v7-m/nofp/crtbegin.o
 *(.init)
 .init          0x08009b54        0x4 C:/ST/STM32CubeIDE_1.19.0/STM32CubeIDE/plugins/com.st.stm32cube.ide.mcu.externaltools.gnu-tools-for-stm32.13.3.rel1.win32_1.0.0.202411081344/tools/bin/../lib/gcc/arm-none-eabi/13.3.1/thumb/v7-m/nofp/crti.o
                0x08009b54                _init
 .init          0x08009b58        0x8 C:/ST/STM32CubeIDE_1.19.0/STM32CubeIDE/plugins/com.st.stm32cube.ide.mcu.externaltools.gnu-tools-for-stm32.13.3.rel1.win32_1.0.0.202411081344/tools/bin/../lib/gcc/arm-none-eabi/13.3.1/thumb/v7-m/nofp/crtn.o
 *(.fini)
 .fini          0x08009b60        0x4 C:/ST/STM32CubeIDE_1.19.0/STM32CubeIDE/plugins/com.st.stm32cube.ide.mcu.externaltools.gnu-tools-for-stm32.13.3.rel1.win32_1.0.0.202411081344/tools/bin/../lib/gcc/arm-none-eabi/13.3.1/thumb/v7-m/nofp/crti.o
                0x08009b60                _fini
 .fini          0x08009b64        0x8 C:/ST/STM32CubeIDE_1.19.0/STM32CubeIDE/plugins/com.st.stm32cube.ide.mcu.externaltools.gnu-tools-for-stm32.13.3.rel1.win32_1.0.0.202411081344/tools/bin/../lib/gcc/arm-none-eabi/13.3.1/thumb/v7-m/nofp/crtn.o
                0x08009b6c                        . = ALIGN (0x4)
                0x08009b6c                        _etext = .

.vfp11_veneer   0x08009b6c        0x0
 .vfp11_veneer  0x08009b6c        0x0 linker stubs

.v4_bx          0x08009b6c        0x0
 .v4_bx         0x08009b6c        0x0 linker stubs

.iplt           0x08009b6c        0x0
 .iplt          0x08009b6c        0x0 C:/ST/STM32CubeIDE_1.19.0/STM32CubeIDE/plugins/com.st.stm32cube.ide.mcu.externaltools.gnu-tools-for-stm32.13.3.rel1.win32_1.0.0.202411081344/tools/bin/../lib/gcc/arm-none-eabi/13.3.1/thumb/v7-m/nofp/crtbegin.o

.rodata         0x08009b70      0xb1c
                0x08009b70                        . = ALIGN (0x4)
 *(.rodata)
 .rodata        0x08009b70      0x633 ./Core/Src/core/coreSourceFiles/aStar.o
 *fill*         0x0800a1a3        0x1 
 .rodata        0x0800a1a4      0x111 ./Core/Src/core/coreSourceFiles/movement.o
 *fill*         0x0800a2b5        0x3 
 .rodata        0x0800a2b8        0xe ./Core/Src/main.o
 *fill*         0x0800a2c6        0x2 
 .rodata        0x0800a2c8       0x1a ./Core/Src/peripherals/peripheralsSourceFiles/uart.o
 *(.rodata*)
 *fill*         0x0800a2e2        0x2 
 .rodata.dx     0x0800a2e4       0x10 ./Core/Src/core/coreSourceFiles/aStar.o
 .rodata.dy     0x0800a2f4       0x10 ./Core/Src/core/coreSourceFiles/aStar.o
 .rodata.wall_bits
                0x0800a304       0x10 ./Core/Src/core/coreSourceFiles/aStar.o
 .rodata._printf_float.str1.1
                0x0800a314      0x171 C:/ST/STM32CubeIDE_1.19.0/STM32CubeIDE/plugins/com.st.stm32cube.ide.mcu.externaltools.gnu-tools-for-stm32.13.3.rel1.win32_1.0.0.202411081344/tools/bin/../lib/gcc/arm-none-eabi/13.3.1/../../../../arm-none-eabi/lib/thumb/v7-m/nofp\libc_nano.a(libc_a-nano-vfprintf_float.o)
                                 0x12 (size before relaxing)
 .rodata._printf_i.str1.1
                0x0800a485       0x22 C:/ST/STM32CubeIDE_1.19.0/STM32CubeIDE/plugins/com.st.stm32cube.ide.mcu.externaltools.gnu-tools-for-stm32.13.3.rel1.win32_1.0.0.202411081344/tools/bin/../lib/gcc/arm-none-eabi/13.3.1/../../../../arm-none-eabi/lib/thumb/v7-m/nofp\libc_nano.a(libc_a-nano-vfprintf_i.o)
 .rodata._dtoa_r.str1.1
                0x0800a485       0x8f C:/ST/STM32CubeIDE_1.19.0/STM32CubeIDE/plugins/com.st.stm32cube.ide.mcu.externaltools.gnu-tools-for-stm32.13.3.rel1.win32_1.0.0.202411081344/tools/bin/../lib/gcc/arm-none-eabi/13.3.1/../../../../arm-none-eabi/lib/thumb/v7-m/nofp\libc_nano.a(libc_a-dtoa.o)
 .rodata._Balloc.str1.1
                0x0800a485       0x70 C:/ST/STM32CubeIDE_1.19.0/STM32CubeIDE/plugins/com.st.stm32cube.ide.mcu.externaltools.gnu-tools-for-stm32.13.3.rel1.win32_1.0.0.202411081344/tools/bin/../lib/gcc/arm-none-eabi/13.3.1/../../../../arm-none-eabi/lib/thumb/v7-m/nofp\libc_nano.a(libc_a-mprec.o)
 .rodata.__multadd.str1.1
                0x0800a485       0x11 C:/ST/STM32CubeIDE_1.19.0/STM32CubeIDE/plugins/com.st.stm32cube.ide.mcu.externaltools.gnu-tools-for-stm32.13.3.rel1.win32_1.0.0.202411081344/tools/bin/../lib/gcc/arm-none-eabi/13.3.1/../../../../arm-none-eabi/lib/thumb/v7-m/nofp\libc_nano.a(libc_a-mprec.o)
 *fill*         0x0800a485        0x3 
 .rodata.p05.0  0x0800a488        0xc C:/ST/STM32CubeIDE_1.19.0/STM32CubeIDE/plugins/com.st.stm32cube.ide.mcu.externaltools.gnu-tools-for-stm32.13.3.rel1.win32_1.0.0.202411081344/tools/bin/../lib/gcc/arm-none-eabi/13.3.1/../../../../arm-none-eabi/lib/thumb/v7-m/nofp\libc_nano.a(libc_a-mprec.o)
 *fill*         0x0800a494        0x4 
 .rodata.__mprec_bigtens
                0x0800a498       0x28 C:/ST/STM32CubeIDE_1.19.0/STM32CubeIDE/plugins/com.st.stm32cube.ide.mcu.externaltools.gnu-tools-for-stm32.13.3.rel1.win32_1.0.0.202411081344/tools/bin/../lib/gcc/arm-none-eabi/13.3.1/../../../../arm-none-eabi/lib/thumb/v7-m/nofp\libc_nano.a(libc_a-mprec.o)
                0x0800a498                __mprec_bigtens
 .rodata.__mprec_tens
                0x0800a4c0       0xc8 C:/ST/STM32CubeIDE_1.19.0/STM32CubeIDE/plugins/com.st.stm32cube.ide.mcu.externaltools.gnu-tools-for-stm32.13.3.rel1.win32_1.0.0.202411081344/tools/bin/../lib/gcc/arm-none-eabi/13.3.1/../../../../arm-none-eabi/lib/thumb/v7-m/nofp\libc_nano.a(libc_a-mprec.o)
                0x0800a4c0                __mprec_tens
 .rodata._svfprintf_r.str1.1
                0x0800a588       0x11 C:/ST/STM32CubeIDE_1.19.0/STM32CubeIDE/plugins/com.st.stm32cube.ide.mcu.externaltools.gnu-tools-for-stm32.13.3.rel1.win32_1.0.0.202411081344/tools/bin/../lib/gcc/arm-none-eabi/13.3.1/../../../../arm-none-eabi/lib/thumb/v7-m/nofp\libc_nano.a(libc_a-nano-svfprintf.o)
 .rodata._setlocale_r.str1.1
                0x0800a588        0x9 C:/ST/STM32CubeIDE_1.19.0/STM32CubeIDE/plugins/com.st.stm32cube.ide.mcu.externaltools.gnu-tools-for-stm32.13.3.rel1.win32_1.0.0.202411081344/tools/bin/../lib/gcc/arm-none-eabi/13.3.1/../../../../arm-none-eabi/lib/thumb/v7-m/nofp\libc_nano.a(libc_a-locale.o)
 .rodata.str1.1
                0x0800a588        0x2 C:/ST/STM32CubeIDE_1.19.0/STM32CubeIDE/plugins/com.st.stm32cube.ide.mcu.externaltools.gnu-tools-for-stm32.13.3.rel1.win32_1.0.0.202411081344/tools/bin/../lib/gcc/arm-none-eabi/13.3.1/../../../../arm-none-eabi/lib/thumb/v7-m/nofp\libc_nano.a(libc_a-locale.o)
 .rodata.__assert_func.str1.1
                0x0800a588       0x3d C:/ST/STM32CubeIDE_1.19.0/STM32CubeIDE/plugins/com.st.stm32cube.ide.mcu.externaltools.gnu-tools-for-stm32.13.3.rel1.win32_1.0.0.202411081344/tools/bin/../lib/gcc/arm-none-eabi/13.3.1/../../../../arm-none-eabi/lib/thumb/v7-m/nofp\libc_nano.a(libc_a-assert.o)
 .rodata._ctype_
                0x0800a588      0x101 C:/ST/STM32CubeIDE_1.19.0/STM32CubeIDE/plugins/com.st.stm32cube.ide.mcu.externaltools.gnu-tools-for-stm32.13.3.rel1.win32_1.0.0.202411081344/tools/bin/../lib/gcc/arm-none-eabi/13.3.1/../../../../arm-none-eabi/lib/thumb/v7-m/nofp\libc_nano.a(libc_a-ctype_.o)
                0x0800a588                _ctype_
 .rodata._vfprintf_r.str1.1
                0x0800a689       0x11 C:/ST/STM32CubeIDE_1.19.0/STM32CubeIDE/plugins/com.st.stm32cube.ide.mcu.externaltools.gnu-tools-for-stm32.13.3.rel1.win32_1.0.0.202411081344/tools/bin/../lib/gcc/arm-none-eabi/13.3.1/../../../../arm-none-eabi/lib/thumb/v7-m/nofp\libc_nano.a(libc_a-nano-vfprintf.o)
                0x0800a69c                        . = ALIGN (0x4)
 *fill*         0x0800a689        0x3 

.ARM.extab      0x0800a68c        0x0
                0x0800a68c                        . = ALIGN (0x4)
 *(.ARM.extab* .gnu.linkonce.armextab.*)
                0x0800a68c                        . = ALIGN (0x4)

.ARM            0x0800a68c        0x8
                0x0800a68c                        . = ALIGN (0x4)
                0x0800a68c                        __exidx_start = .
 *(.ARM.exidx*)
 .ARM.exidx     0x0800a68c        0x8 C:/ST/STM32CubeIDE_1.19.0/STM32CubeIDE/plugins/com.st.stm32cube.ide.mcu.externaltools.gnu-tools-for-stm32.13.3.rel1.win32_1.0.0.202411081344/tools/bin/../lib/gcc/arm-none-eabi/13.3.1/../../../../arm-none-eabi/lib/thumb/v7-m/nofp\libc_nano.a(libc_a-strlen.o)
                0x0800a694                        __exidx_end = .
                0x0800a694                        . = ALIGN (0x4)

.preinit_array  0x0800a694        0x0
                0x0800a694                        . = ALIGN (0x4)
                0x0800a694                        PROVIDE (__preinit_array_start = .)
 *(.preinit_array*)
                0x0800a694                        PROVIDE (__preinit_array_end = .)
                0x0800a694                        . = ALIGN (0x4)

.init_array     0x0800a694        0x4
                0x0800a694                        . = ALIGN (0x4)
                0x0800a694                        PROVIDE (__init_array_start = .)
 *(SORT_BY_NAME(.init_array.*))
 *(.init_array*)
 .init_array    0x0800a694        0x4 C:/ST/STM32CubeIDE_1.19.0/STM32CubeIDE/plugins/com.st.stm32cube.ide.mcu.externaltools.gnu-tools-for-stm32.13.3.rel1.win32_1.0.0.202411081344/tools/bin/../lib/gcc/arm-none-eabi/13.3.1/thumb/v7-m/nofp/crtbegin.o
                0x0800a698                        PROVIDE (__init_array_end = .)
                0x0800a698                        . = ALIGN (0x4)

.fini_array     0x0800a698        0x4
                0x0800a698                        . = ALIGN (0x4)
                [!provide]                        PROVIDE (__fini_array_start = .)
 *(SORT_BY_NAME(.fini_array.*))
 *(.fini_array*)
 .fini_array    0x0800a698        0x4 C:/ST/STM32CubeIDE_1.19.0/STM32CubeIDE/plugins/com.st.stm32cube.ide.mcu.externaltools.gnu-tools-for-stm32.13.3.rel1.win32_1.0.0.202411081344/tools/bin/../lib/gcc/arm-none-eabi/13.3.1/thumb/v7-m/nofp/crtbegin.o
                [!provide]                        PROVIDE (__fini_array_end = .)
                0x0800a69c                        . = ALIGN (0x4)
                0x0800a69c                        _sidata = LOADADDR (.data)

.rel.dyn        0x0800a69c        0x0
 .rel.iplt      0x0800a69c        0x0 C:/ST/STM32CubeIDE_1.19.0/STM32CubeIDE/plugins/com.st.stm32cube.ide.mcu.externaltools.gnu-tools-for-stm32.13.3.rel1.win32_1.0.0.202411081344/tools/bin/../lib/gcc/arm-none-eabi/13.3.1/thumb/v7-m/nofp/crtbegin.o

.data           0x20000000      0x5e0 load address 0x0800a69c
                0x20000000                        . = ALIGN (0x4)
                0x20000000                        _sdata = .
 *(.data)
 *(.data*)
 .data.MAZE_MAP
                0x20000000      0x400 ./Core/Src/core/coreSourceFiles/floodfill.o
                0x20000000                MAZE_MAP
 .data.orient   0x20000400        0x4 ./Core/Src/core/coreSourceFiles/floodfill.o
                0x20000400                orient
 .data.motorFreq
                0x20000404        0x2 ./Core/Src/core/coreSourceFiles/movement.o
                0x20000404                motorFreq
 *fill*         0x20000406        0x2 
 .data.SPEED    0x20000408        0x4 ./Core/Src/core/coreSourceFiles/movement.o
                0x20000408                SPEED
 .data.distance
                0x2000040c        0x4 ./Core/Src/core/coreSourceFiles/movement.o
                0x2000040c                distance
 .data.LEFT_GOAL
                0x20000410        0x2 ./Core/Src/core/coreSourceFiles/movement.o
                0x20000410                LEFT_GOAL
 .data.RIGHT_GOAL
                0x20000412        0x2 ./Core/Src/core/coreSourceFiles/movement.o
                0x20000412                RIGHT_GOAL
 .data.stopwatchTimer
                0x20000414        0x4 ./Core/Src/peripherals/peripheralsSourceFiles/timers.o
                0x20000414                stopwatchTimer
 .data.__sglue  0x20000418        0xc C:/ST/STM32CubeIDE_1.19.0/STM32CubeIDE/plugins/com.st.stm32cube.ide.mcu.externaltools.gnu-tools-for-stm32.13.3.rel1.win32_1.0.0.202411081344/tools/bin/../lib/gcc/arm-none-eabi/13.3.1/../../../../arm-none-eabi/lib/thumb/v7-m/nofp\libc_nano.a(libc_a-findfp.o)
                0x20000418                __sglue
 .data._impure_ptr
                0x20000424        0x4 C:/ST/STM32CubeIDE_1.19.0/STM32CubeIDE/plugins/com.st.stm32cube.ide.mcu.externaltools.gnu-tools-for-stm32.13.3.rel1.win32_1.0.0.202411081344/tools/bin/../lib/gcc/arm-none-eabi/13.3.1/../../../../arm-none-eabi/lib/thumb/v7-m/nofp\libc_nano.a(libc_a-impure.o)
                0x20000424                _impure_ptr
 .data._impure_data
                0x20000428       0x4c C:/ST/STM32CubeIDE_1.19.0/STM32CubeIDE/plugins/com.st.stm32cube.ide.mcu.externaltools.gnu-tools-for-stm32.13.3.rel1.win32_1.0.0.202411081344/tools/bin/../lib/gcc/arm-none-eabi/13.3.1/../../../../arm-none-eabi/lib/thumb/v7-m/nofp\libc_nano.a(libc_a-impure.o)
                0x20000428                _impure_data
 .data.__global_locale
                0x20000474      0x16c C:/ST/STM32CubeIDE_1.19.0/STM32CubeIDE/plugins/com.st.stm32cube.ide.mcu.externaltools.gnu-tools-for-stm32.13.3.rel1.win32_1.0.0.202411081344/tools/bin/../lib/gcc/arm-none-eabi/13.3.1/../../../../arm-none-eabi/lib/thumb/v7-m/nofp\libc_nano.a(libc_a-locale.o)
                0x20000474                __global_locale
 *(.RamFunc)
 *(.RamFunc*)
                0x200005e0                        . = ALIGN (0x4)
                0x200005e0                        _edata = .

.igot.plt       0x200005e0        0x0 load address 0x0800ac7c
 .igot.plt      0x200005e0        0x0 C:/ST/STM32CubeIDE_1.19.0/STM32CubeIDE/plugins/com.st.stm32cube.ide.mcu.externaltools.gnu-tools-for-stm32.13.3.rel1.win32_1.0.0.202411081344/tools/bin/../lib/gcc/arm-none-eabi/13.3.1/thumb/v7-m/nofp/crtbegin.o
                0x200005e0                        . = ALIGN (0x4)

.bss            0x200005e0     0x14ec load address 0x0800ac7c
                0x200005e0                        _sbss = .
                0x200005e0                        __bss_start__ = _sbss
 *(.bss)
 .bss           0x200005e0       0x1c C:/ST/STM32CubeIDE_1.19.0/STM32CubeIDE/plugins/com.st.stm32cube.ide.mcu.externaltools.gnu-tools-for-stm32.13.3.rel1.win32_1.0.0.202411081344/tools/bin/../lib/gcc/arm-none-eabi/13.3.1/thumb/v7-m/nofp/crtbegin.o
 *(.bss*)
 .bss.__sbrk_heap_end
                0x200005fc        0x4 ./Core/Src/_systemFiles/sysmem.o
 .bss.integral_max.1
                0x20000600        0x4 ./Core/Src/control/controlSourceFiles/pidController.o
 .bss.integral_min.0
                0x20000604        0x4 ./Core/Src/control/controlSourceFiles/pidController.o
 .bss.debug_buffer
                0x20000608      0x100 ./Core/Src/core/coreSourceFiles/aStar.o
 .bss.astar     0x20000708       0x44 ./Core/Src/core/coreSourceFiles/aStar.o
                0x20000708                astar
 .bss.path_calculated.0
                0x2000074c        0x1 ./Core/Src/core/coreSourceFiles/aStar.o
 *fill*         0x2000074d        0x3 
 .bss.FLOOD_MAP
                0x20000750      0x400 ./Core/Src/core/coreSourceFiles/floodfill.o
                0x20000750                FLOOD_MAP
 .bss.currX     0x20000b50        0x4 ./Core/Src/core/coreSourceFiles/floodfill.o
                0x20000b50                currX
 .bss.currY     0x20000b54        0x4 ./Core/Src/core/coreSourceFiles/floodfill.o
                0x20000b54                currY
 .bss.nextX     0x20000b58        0x4 ./Core/Src/core/coreSourceFiles/floodfill.o
                0x20000b58                nextX
 .bss.nextY     0x20000b5c        0x4 ./Core/Src/core/coreSourceFiles/floodfill.o
                0x20000b5c                nextY
 .bss.queue     0x20000b60      0x800 ./Core/Src/core/coreSourceFiles/floodfill.o
                0x20000b60                queue
 .bss.front     0x20001360        0x4 ./Core/Src/core/coreSourceFiles/floodfill.o
                0x20001360                front
 .bss.rear      0x20001364        0x4 ./Core/Src/core/coreSourceFiles/floodfill.o
                0x20001364                rear
 .bss.visited   0x20001368      0x400 ./Core/Src/core/coreSourceFiles/floodfill.o
                0x20001368                visited
 .bss.MR        0x20001768       0x20 ./Core/Src/core/coreSourceFiles/movement.o
                0x20001768                MR
 .bss.ML        0x20001788       0x20 ./Core/Src/core/coreSourceFiles/movement.o
                0x20001788                ML
 .bss.ENR       0x200017a8       0x14 ./Core/Src/core/coreSourceFiles/movement.o
                0x200017a8                ENR
 .bss.ENL       0x200017bc       0x14 ./Core/Src/core/coreSourceFiles/movement.o
                0x200017bc                ENL
 .bss.MPU       0x200017d0        0xc ./Core/Src/core/coreSourceFiles/movement.o
                0x200017d0                MPU
 .bss.IRX       0x200017dc       0x30 ./Core/Src/core/coreSourceFiles/movement.o
                0x200017dc                IRX
 .bss.LEFT_SPEED_PID
                0x2000180c       0x20 ./Core/Src/core/coreSourceFiles/movement.o
                0x2000180c                LEFT_SPEED_PID
 .bss.RIGHT_SPEED_PID
                0x2000182c       0x20 ./Core/Src/core/coreSourceFiles/movement.o
                0x2000182c                RIGHT_SPEED_PID
 .bss.STABLE_GYRO_PID
                0x2000184c       0x20 ./Core/Src/core/coreSourceFiles/movement.o
                0x2000184c                STABLE_GYRO_PID
 .bss.STABLE_IR_PID
                0x2000186c       0x20 ./Core/Src/core/coreSourceFiles/movement.o
                0x2000186c                STABLE_IR_PID
 .bss.SPIN_PID  0x2000188c       0x20 ./Core/Src/core/coreSourceFiles/movement.o
                0x2000188c                SPIN_PID
 .bss.IR_PID    0x200018ac       0x20 ./Core/Src/core/coreSourceFiles/movement.o
                0x200018ac                IR_PID
 .bss.PRRwheel  0x200018cc        0x4 ./Core/Src/core/coreSourceFiles/movement.o
                0x200018cc                PRRwheel
 .bss.DISPERCOUNT
                0x200018d0        0x4 ./Core/Src/core/coreSourceFiles/movement.o
                0x200018d0                DISPERCOUNT
 .bss.rightEncoderCount
                0x200018d4        0x4 ./Core/Src/core/coreSourceFiles/movement.o
                0x200018d4                rightEncoderCount
 .bss.leftEncoderCount
                0x200018d8        0x4 ./Core/Src/core/coreSourceFiles/movement.o
                0x200018d8                leftEncoderCount
 .bss.walkedDistanceRight
                0x200018dc        0x4 ./Core/Src/core/coreSourceFiles/movement.o
                0x200018dc                walkedDistanceRight
 .bss.walkedDistanceLeft
                0x200018e0        0x4 ./Core/Src/core/coreSourceFiles/movement.o
                0x200018e0                walkedDistanceLeft
 .bss.walkedDistanceAvg
                0x200018e4        0x4 ./Core/Src/core/coreSourceFiles/movement.o
                0x200018e4                walkedDistanceAvg
 .bss.lastSampleTime
                0x200018e8        0x8 ./Core/Src/core/coreSourceFiles/movement.o
                0x200018e8                lastSampleTime
 .bss.lastCount
                0x200018f0        0x8 ./Core/Src/core/coreSourceFiles/movement.o
                0x200018f0                lastCount
 .bss.currTime  0x200018f8        0x4 ./Core/Src/core/coreSourceFiles/movement.o
                0x200018f8                currTime
 .bss.lastGyroTime
                0x200018fc        0x4 ./Core/Src/core/coreSourceFiles/movement.o
                0x200018fc                lastGyroTime
 .bss.spunAngles
                0x20001900        0x4 ./Core/Src/core/coreSourceFiles/movement.o
                0x20001900                spunAngles
 .bss.IR_READINGS
                0x20001904        0x8 ./Core/Src/core/coreSourceFiles/movement.o
                0x20001904                IR_READINGS
 .bss.walls     0x2000190c        0x1 ./Core/Src/core/coreSourceFiles/movement.o
                0x2000190c                walls
 .bss.CORE_MODE
                0x2000190d        0x1 ./Core/Src/core/coreSourceFiles/movement.o
                0x2000190d                CORE_MODE
 *fill*         0x2000190e        0x2 
 .bss.rawData.0
                0x20001910        0x6 ./Core/Src/hardware/hardwareSourceFiles/mpu6050.o
 *fill*         0x20001916        0x2 
 .bss.adc_exti_callbacks
                0x20001918       0x10 ./Core/Src/peripherals/peripheralsSourceFiles/adc.o
                0x20001918                adc_exti_callbacks
 .bss.adc_channel_count
                0x20001928        0x2 ./Core/Src/peripherals/peripheralsSourceFiles/adc.o
 *fill*         0x2000192a        0x2 
 .bss.interrupts_exti_callbacks
                0x2000192c       0x40 ./Core/Src/peripherals/peripheralsSourceFiles/interrupts.o
                0x2000192c                interrupts_exti_callbacks
 .bss.timers_exti_callbacks
                0x2000196c       0x10 ./Core/Src/peripherals/peripheralsSourceFiles/timers.o
                0x2000196c                timers_exti_callbacks
 .bss.stopwatchOVF
                0x2000197c        0x4 ./Core/Src/peripherals/peripheralsSourceFiles/timers.o
                0x2000197c                stopwatchOVF
 .bss.__malloc_sbrk_start
                0x20001980        0x4 C:/ST/STM32CubeIDE_1.19.0/STM32CubeIDE/plugins/com.st.stm32cube.ide.mcu.externaltools.gnu-tools-for-stm32.13.3.rel1.win32_1.0.0.202411081344/tools/bin/../lib/gcc/arm-none-eabi/13.3.1/../../../../arm-none-eabi/lib/thumb/v7-m/nofp\libc_nano.a(libc_a-mallocr.o)
                0x20001980                __malloc_sbrk_start
 .bss.__malloc_free_list
                0x20001984        0x4 C:/ST/STM32CubeIDE_1.19.0/STM32CubeIDE/plugins/com.st.stm32cube.ide.mcu.externaltools.gnu-tools-for-stm32.13.3.rel1.win32_1.0.0.202411081344/tools/bin/../lib/gcc/arm-none-eabi/13.3.1/../../../../arm-none-eabi/lib/thumb/v7-m/nofp\libc_nano.a(libc_a-mallocr.o)
                0x20001984                __malloc_free_list
 .bss.__sf      0x20001988      0x138 C:/ST/STM32CubeIDE_1.19.0/STM32CubeIDE/plugins/com.st.stm32cube.ide.mcu.externaltools.gnu-tools-for-stm32.13.3.rel1.win32_1.0.0.202411081344/tools/bin/../lib/gcc/arm-none-eabi/13.3.1/../../../../arm-none-eabi/lib/thumb/v7-m/nofp\libc_nano.a(libc_a-findfp.o)
                0x20001988                __sf
 .bss.__stdio_exit_handler
                0x20001ac0        0x4 C:/ST/STM32CubeIDE_1.19.0/STM32CubeIDE/plugins/com.st.stm32cube.ide.mcu.externaltools.gnu-tools-for-stm32.13.3.rel1.win32_1.0.0.202411081344/tools/bin/../lib/gcc/arm-none-eabi/13.3.1/../../../../arm-none-eabi/lib/thumb/v7-m/nofp\libc_nano.a(libc_a-findfp.o)
                0x20001ac0                __stdio_exit_handler
 .bss.errno     0x20001ac4        0x4 C:/ST/STM32CubeIDE_1.19.0/STM32CubeIDE/plugins/com.st.stm32cube.ide.mcu.externaltools.gnu-tools-for-stm32.13.3.rel1.win32_1.0.0.202411081344/tools/bin/../lib/gcc/arm-none-eabi/13.3.1/../../../../arm-none-eabi/lib/thumb/v7-m/nofp\libc_nano.a(libc_a-reent.o)
                0x20001ac4                errno
 .bss.__lock___malloc_recursive_mutex
                0x20001ac8        0x1 C:/ST/STM32CubeIDE_1.19.0/STM32CubeIDE/plugins/com.st.stm32cube.ide.mcu.externaltools.gnu-tools-for-stm32.13.3.rel1.win32_1.0.0.202411081344/tools/bin/../lib/gcc/arm-none-eabi/13.3.1/../../../../arm-none-eabi/lib/thumb/v7-m/nofp\libc_nano.a(libc_a-lock.o)
                0x20001ac8                __lock___malloc_recursive_mutex
 .bss.__lock___sfp_recursive_mutex
                0x20001ac9        0x1 C:/ST/STM32CubeIDE_1.19.0/STM32CubeIDE/plugins/com.st.stm32cube.ide.mcu.externaltools.gnu-tools-for-stm32.13.3.rel1.win32_1.0.0.202411081344/tools/bin/../lib/gcc/arm-none-eabi/13.3.1/../../../../arm-none-eabi/lib/thumb/v7-m/nofp\libc_nano.a(libc_a-lock.o)
                0x20001ac9                __lock___sfp_recursive_mutex
 *(COMMON)
                0x20001acc                        . = ALIGN (0x4)
 *fill*         0x20001aca        0x2 
                0x20001acc                        _ebss = .
                0x20001acc                        __bss_end__ = _ebss

._user_heap_stack
                0x20001acc      0x604 load address 0x0800ac7c
                0x20001ad0                        . = ALIGN (0x8)
 *fill*         0x20001acc        0x4 
                [!provide]                        PROVIDE (end = .)
                0x20001ad0                        PROVIDE (_end = .)
                0x20001cd0                        . = (. + _Min_Heap_Size)
 *fill*         0x20001ad0      0x200 
                0x200020d0                        . = (. + _Min_Stack_Size)
 *fill*         0x20001cd0      0x400 
                0x200020d0                        . = ALIGN (0x8)

/DISCARD/
 libc.a(*)
 libm.a(*)
 libgcc.a(*)

.ARM.attributes
                0x00000000       0x29
 *(.ARM.attributes)
 .ARM.attributes
                0x00000000       0x1d C:/ST/STM32CubeIDE_1.19.0/STM32CubeIDE/plugins/com.st.stm32cube.ide.mcu.externaltools.gnu-tools-for-stm32.13.3.rel1.win32_1.0.0.202411081344/tools/bin/../lib/gcc/arm-none-eabi/13.3.1/thumb/v7-m/nofp/crti.o
 .ARM.attributes
                0x0000001d       0x2d C:/ST/STM32CubeIDE_1.19.0/STM32CubeIDE/plugins/com.st.stm32cube.ide.mcu.externaltools.gnu-tools-for-stm32.13.3.rel1.win32_1.0.0.202411081344/tools/bin/../lib/gcc/arm-none-eabi/13.3.1/thumb/v7-m/nofp/crtbegin.o
 .ARM.attributes
                0x0000004a       0x2d ./Core/Src/_systemFiles/syscalls.o
 .ARM.attributes
                0x00000077       0x2d ./Core/Src/_systemFiles/sysmem.o
 .ARM.attributes
                0x000000a4       0x2d ./Core/Src/_systemFiles/system_stm32f1xx.o
 .ARM.attributes
                0x000000d1       0x2d ./Core/Src/control/controlSourceFiles/pidController.o
 .ARM.attributes
                0x000000fe       0x2d ./Core/Src/core/coreSourceFiles/aStar.o
 .ARM.attributes
                0x0000012b       0x2d ./Core/Src/core/coreSourceFiles/floodfill.o
 .ARM.attributes