../Core/Src/core/coreSourceFiles/aStar.c:131:5:API_mazeWidth	4	static
../Core/Src/core/coreSourceFiles/aStar.c:132:5:API_mazeHeight	4	static
../Core/Src/core/coreSourceFiles/aStar.c:133:6:API_wallFront	4	static
../Core/Src/core/coreSourceFiles/aStar.c:134:6:API_wallRight	4	static
../Core/Src/core/coreSourceFiles/aStar.c:135:6:API_wallLeft	4	static
../Core/Src/core/coreSourceFiles/aStar.c:136:6:API_moveFORW	8	static
../Core/Src/core/coreSourceFiles/aStar.c:137:6:API_turnRight	8	static
../Core/Src/core/coreSourceFiles/aStar.c:138:6:API_turnLeft	8	static
../Core/Src/core/coreSourceFiles/aStar.c:139:6:API_log	16	static
../Core/Src/core/coreSourceFiles/aStar.c:145:19:isValid	16	static
../Core/Src/core/coreSourceFiles/aStar.c:149:14:safe_malloc	24	static
../Core/Src/core/coreSourceFiles/aStar.c:157:18:allocate_2d_uint8_array	40	static
../Core/Src/core/coreSourceFiles/aStar.c:172:19:allocate_2d_uint16_array	40	static
../Core/Src/core/coreSourceFiles/aStar.c:187:13:free_2d_uint8_array	24	static
../Core/Src/core/coreSourceFiles/aStar.c:193:13:free_2d_uint16_array	24	static
../Core/Src/core/coreSourceFiles/aStar.c:199:13:deallocate_all_memory	8	static
../Core/Src/core/coreSourceFiles/aStar.c:216:6:cleanupAStar	8	static
../Core/Src/core/coreSourceFiles/aStar.c:225:13:setWallInternal	24	static
../Core/Src/core/coreSourceFiles/aStar.c:239:13:debugPrintWallState	312	static
../Core/Src/core/coreSourceFiles/aStar.c:250:13:readWallWithRetry	176	static
../Core/Src/core/coreSourceFiles/aStar.c:269:6:updateWalls	24	static
../Core/Src/core/coreSourceFiles/aStar.c:296:5:initAStar	160	static
../Core/Src/core/coreSourceFiles/aStar.c:381:20:swap_nodes	24	static
../Core/Src/core/coreSourceFiles/aStar.c:387:13:heap_sift_up	24	static
../Core/Src/core/coreSourceFiles/aStar.c:399:13:heap_sift_down	40	static
../Core/Src/core/coreSourceFiles/aStar.c:421:13:push_to_heap	24	static
../Core/Src/core/coreSourceFiles/aStar.c:431:13:pop_from_heap	24	static
../Core/Src/core/coreSourceFiles/aStar.c:443:19:calculateHeuristic	24	static
../Core/Src/core/coreSourceFiles/aStar.c:447:6:setTarget	16	static
../Core/Src/core/coreSourceFiles/aStar.c:456:19:isAtTarget	16	static
../Core/Src/core/coreSourceFiles/aStar.c:460:13:resetAStarSearch	16	static
../Core/Src/core/coreSourceFiles/aStar.c:473:12:storeOptimalPath	56	static
../Core/Src/core/coreSourceFiles/aStar.c:527:5:runAStar	64	static
../Core/Src/core/coreSourceFiles/aStar.c:594:12:getRequiredTurns	24	static
../Core/Src/core/coreSourceFiles/aStar.c:605:16:getHeadingForDirection	24	static
../Core/Src/core/coreSourceFiles/aStar.c:614:12:findNextExplorationStep	40	static
../Core/Src/core/coreSourceFiles/aStar.c:653:13:calculateMazeCenter	16	static
../Core/Src/core/coreSourceFiles/aStar.c:660:12:handleExplorationPhase	24	static
../Core/Src/core/coreSourceFiles/aStar.c:678:12:handleReturnToStartPhase	16	static
../Core/Src/core/coreSourceFiles/aStar.c:694:12:handleOptimalPathPhase	24	static
../Core/Src/core/coreSourceFiles/aStar.c:738:12:handleReturnFromOptimalPhase	16	static
../Core/Src/core/coreSourceFiles/aStar.c:757:13:performAction	16	static
../Core/Src/core/coreSourceFiles/aStar.c:785:8:astarSolver	40	static
../Core/Src/core/coreSourceFiles/aStar.c:852:5:aStar	24	static
