../Core/Src/core/coreSourceFiles/floodfill.c:52:6:fillMap	24	static
../Core/Src/core/coreSourceFiles/floodfill.c:75:6:updateCurr	4	static
../Core/Src/core/coreSourceFiles/floodfill.c:84:5:checkNext	24	static
../Core/Src/core/coreSourceFiles/floodfill.c:108:6:turn	16	static
../Core/Src/core/coreSourceFiles/floodfill.c:122:6:proceed	8	static
../Core/Src/core/coreSourceFiles/floodfill.c:154:6:logEyes	4	static
../Core/Src/core/coreSourceFiles/floodfill.c:181:6:sendMazeMap	24	static
../Core/Src/core/coreSourceFiles/floodfill.c:195:6:queueInit	8	static
../Core/Src/core/coreSourceFiles/floodfill.c:200:6:enqueue	16	static
../Core/Src/core/coreSourceFiles/floodfill.c:205:7:dequeue	24	static
../Core/Src/core/coreSourceFiles/floodfill.c:210:5:isEmpty	4	static
../Core/Src/core/coreSourceFiles/floodfill.c:212:6:floodfill	40	static
