../Core/Src/core/coreSourceFiles/movement.c:90:6:core_setup	8	static
../Core/Src/core/coreSourceFiles/movement.c:99:6:core_setupMotors	8	static
../Core/Src/core/coreSourceFiles/movement.c:120:6:core_setupEncoders	24	static
../Core/Src/core/coreSourceFiles/movement.c:147:6:core_setupMPU6050	16	static
../Core/Src/core/coreSourceFiles/movement.c:157:6:core_setupInfraredSensors	16	static
../Core/Src/core/coreSourceFiles/movement.c:171:6:core_setupExtras	16	static
../Core/Src/core/coreSourceFiles/movement.c:194:6:core_MotorPidControl	32	static
../Core/Src/core/coreSourceFiles/movement.c:211:6:rightCountRisesCH1	8	static
../Core/Src/core/coreSourceFiles/movement.c:215:6:rightCountRisesCH2	4	static
../Core/Src/core/coreSourceFiles/movement.c:218:6:leftCountRisesCH1	8	static
../Core/Src/core/coreSourceFiles/movement.c:222:6:leftCountRisesCH2	4	static
../Core/Src/core/coreSourceFiles/movement.c:225:6:resetEncoders	4	static
../Core/Src/core/coreSourceFiles/movement.c:232:6:core_calcDistance	16	static,ignoring_inline_asm
../Core/Src/core/coreSourceFiles/movement.c:244:6:core_calcRPM	48	static
../Core/Src/core/coreSourceFiles/movement.c:285:7:core_calcAngles	32	static
../Core/Src/core/coreSourceFiles/movement.c:311:6:core_buzz	16	static
../Core/Src/core/coreSourceFiles/movement.c:316:6:core_speak	16	static
../Core/Src/core/coreSourceFiles/movement.c:338:6:core_modeSelect	16	static
../Core/Src/core/coreSourceFiles/movement.c:345:6:core_spinOnce	8	static
../Core/Src/core/coreSourceFiles/movement.c:356:6:core_rpmLimits	24	static
../Core/Src/core/coreSourceFiles/movement.c:375:6:core_printCount	24	static
../Core/Src/core/coreSourceFiles/movement.c:385:9:remi	16	static
../Core/Src/core/coreSourceFiles/movement.c:404:6:walk	112	static
../Core/Src/core/coreSourceFiles/movement.c:516:6:spin	56	static
../Core/Src/core/coreSourceFiles/movement.c:555:6:stop	8	static
../Core/Src/core/coreSourceFiles/movement.c:564:9:readWalls	8	static
../Core/Src/core/coreSourceFiles/movement.c:584:6:move	32	static
../Core/Src/core/coreSourceFiles/movement.c:598:6:still	56	static
../Core/Src/core/coreSourceFiles/movement.c:647:6:frontCalibration	64	static
../Core/Src/core/coreSourceFiles/movement.c:703:6:backCalibration	16	static
../Core/Src/core/coreSourceFiles/movement.c:711:6:resetPID	8	static
../Core/Src/core/coreSourceFiles/movement.c:730:6:resetCore	8	static
