../Drivers/CMSIS/Include/core_cm3.h:1511:22:__NVIC_EnableIRQ	16	static
../Core/Src/peripherals/peripheralsSourceFiles/interrupts.c:31:6:interrupts_attach	24	static,ignoring_inline_asm
../Core/Src/peripherals/peripheralsSourceFiles/interrupts.c:65:6:interrupts_detach	16	static
../Core/Src/peripherals/peripheralsSourceFiles/interrupts.c:79:6:EXTI0_IRQHandler	8	static
../Core/Src/peripherals/peripheralsSourceFiles/interrupts.c:89:6:EXTI1_IRQHandler	8	static
../Core/Src/peripherals/peripheralsSourceFiles/interrupts.c:99:6:EXTI2_IRQHandler	8	static
../Core/Src/peripherals/peripheralsSourceFiles/interrupts.c:109:6:EXTI3_IRQHandler	8	static
../Core/Src/peripherals/peripheralsSourceFiles/interrupts.c:119:6:EXTI4_IRQHandler	8	static
../Core/Src/peripherals/peripheralsSourceFiles/interrupts.c:129:6:EXTI9_5_IRQHandler	16	static
../Core/Src/peripherals/peripheralsSourceFiles/interrupts.c:141:6:EXTI15_10_IRQHandler	16	static
