../Drivers/CMSIS/Include/core_cm3.h:1511:22:__NVIC_EnableIRQ	16	static
../Drivers/CMSIS/Include/core_cm3.h:1547:22:__NVIC_DisableIRQ	16	static,ignoring_inline_asm
../Core/Src/peripherals/peripheralsSourceFiles/timers.c:26:6:timers_setup	24	static
../Core/Src/peripherals/peripheralsSourceFiles/timers.c:44:6:timers_delayMicros	16	static
../Core/Src/peripherals/peripheralsSourceFiles/timers.c:54:6:timers_delayMillis	16	static
../Core/Src/peripherals/peripheralsSourceFiles/timers.c:65:6:timers_start	16	static
../Core/Src/peripherals/peripheralsSourceFiles/timers.c:77:6:timers_stop	24	static
../Core/Src/peripherals/peripheralsSourceFiles/timers.c:90:10:timers_getElapsed	24	static
../Core/Src/peripherals/peripheralsSourceFiles/timers.c:102:6:timers_irqStart	24	static,ignoring_inline_asm
../Core/Src/peripherals/peripheralsSourceFiles/timers.c:122:6:timers_irqStop	24	static,ignoring_inline_asm
../Core/Src/peripherals/peripheralsSourceFiles/timers.c:140:6:timers_irqRFlag	16	static
../Core/Src/peripherals/peripheralsSourceFiles/timers.c:147:6:timers_irqAttach	16	static
../Core/Src/peripherals/peripheralsSourceFiles/timers.c:160:6:TIM1_UP_IRQHandler	8	static
../Core/Src/peripherals/peripheralsSourceFiles/timers.c:168:6:TIM2_IRQHandler	8	static
../Core/Src/peripherals/peripheralsSourceFiles/timers.c:176:6:TIM3_IRQHandler	8	static
../Core/Src/peripherals/peripheralsSourceFiles/timers.c:184:6:TIM4_IRQHandler	8	static
../Core/Src/peripherals/peripheralsSourceFiles/timers.c:197:9:timers_getChannel	16	static
../Core/Src/peripherals/peripheralsSourceFiles/timers.c:221:14:timers_getTimer	16	static
../Core/Src/peripherals/peripheralsSourceFiles/timers.c:236:9:timers_getNum	16	static
../Core/Src/peripherals/peripheralsSourceFiles/timers.c:251:6:timers_compare	24	static
../Core/Src/peripherals/peripheralsSourceFiles/timers.c:322:6:timers_pwmSetup	48	static
../Core/Src/peripherals/peripheralsSourceFiles/timers.c:385:6:timers_pwm	40	static
../Core/Src/peripherals/peripheralsSourceFiles/timers.c:408:6:timers_ovfHandler	8	static
../Core/Src/peripherals/peripheralsSourceFiles/timers.c:416:6:timers_stopwatchSetup	16	static
../Core/Src/peripherals/peripheralsSourceFiles/timers.c:426:10:timers_stopwatch	24	static
